Analysis & Synthesis report for MDR
Tue Apr 09 03:22:22 2019
Quartus Prime Version 15.1.0 Build 185 10/21/2015 SJ Lite Edition


---------------------
; Table of Contents ;
---------------------
  1. Legal Notice
  2. Analysis & Synthesis Summary
  3. Analysis & Synthesis Settings
  4. Parallel Compilation
  5. Analysis & Synthesis Source Files Read
  6. Analysis & Synthesis Resource Usage Summary
  7. Analysis & Synthesis Resource Utilization by Entity
  8. Registers Removed During Synthesis
  9. Removed Registers Triggering Further Register Optimizations
 10. General Register Statistics
 11. Parameter Settings for User Entity Instance: shift_left:QUOTIENT
 12. Parameter Settings for User Entity Instance: shift_left:Q_SHIFT
 13. Parameter Settings for User Entity Instance: shift_left:REMINDER
 14. Parameter Settings for User Entity Instance: shift_reg_right:DATA
 15. Port Connectivity Checks: "and_gate:AND_D_3_ALU"
 16. Port Connectivity Checks: "shift_left:REMINDER"
 17. Port Connectivity Checks: "or_gate:OR_Q_OP_Q"
 18. Port Connectivity Checks: "or_gate:OR_QS_OP_ALU"
 19. Port Connectivity Checks: "root_op_calc:OPCALCROOT"
 20. Port Connectivity Checks: "shift_left:Q_SHIFT"
 21. Port Connectivity Checks: "shift_left:QUOTIENT"
 22. Post-Synthesis Netlist Statistics for Top Partition
 23. Elapsed Time Per Partition
 24. Analysis & Synthesis Messages



----------------
; Legal Notice ;
----------------
Copyright (C) 1991-2015 Altera Corporation. All rights reserved.
Your use of Altera Corporation's design tools, logic functions 
and other software and tools, and its AMPP partner logic 
functions, and any output files from any of the foregoing 
(including device programming or simulation files), and any 
associated documentation or information are expressly subject 
to the terms and conditions of the Altera Program License 
Subscription Agreement, the Altera Quartus Prime License Agreement,
the Altera MegaCore Function License Agreement, or other 
applicable license agreement, including, without limitation, 
that your use is for the sole purpose of programming logic 
devices manufactured by Altera and sold by Altera or its 
authorized distributors.  Please refer to the applicable 
agreement for further details.



+----------------------------------------------------------------------------------+
; Analysis & Synthesis Summary                                                     ;
+------------------------------------+---------------------------------------------+
; Analysis & Synthesis Status        ; Successful - Tue Apr 09 03:22:22 2019       ;
; Quartus Prime Version              ; 15.1.0 Build 185 10/21/2015 SJ Lite Edition ;
; Revision Name                      ; MDR                                         ;
; Top-level Entity Name              ; root_square                                 ;
; Family                             ; Cyclone IV E                                ;
; Total logic elements               ; 3                                           ;
;     Total combinational functions  ; 3                                           ;
;     Dedicated logic registers      ; 2                                           ;
; Total registers                    ; 2                                           ;
; Total pins                         ; 134                                         ;
; Total virtual pins                 ; 0                                           ;
; Total memory bits                  ; 0                                           ;
; Embedded Multiplier 9-bit elements ; 0                                           ;
; Total PLLs                         ; 0                                           ;
+------------------------------------+---------------------------------------------+


+----------------------------------------------------------------------------------------------------------------------+
; Analysis & Synthesis Settings                                                                                        ;
+----------------------------------------------------------------------------+--------------------+--------------------+
; Option                                                                     ; Setting            ; Default Value      ;
+----------------------------------------------------------------------------+--------------------+--------------------+
; Device                                                                     ; EP4CE115F29C7      ;                    ;
; Top-level entity name                                                      ; root_square        ; MDR                ;
; Family name                                                                ; Cyclone IV E       ; Cyclone V          ;
; Use smart compilation                                                      ; Off                ; Off                ;
; Enable parallel Assembler and TimeQuest Timing Analyzer during compilation ; On                 ; On                 ;
; Enable compact report table                                                ; Off                ; Off                ;
; Restructure Multiplexers                                                   ; Auto               ; Auto               ;
; Create Debugging Nodes for IP Cores                                        ; Off                ; Off                ;
; Preserve fewer node names                                                  ; On                 ; On                 ;
; Disable OpenCore Plus hardware evaluation                                  ; Off                ; Off                ;
; Verilog Version                                                            ; Verilog_2001       ; Verilog_2001       ;
; VHDL Version                                                               ; VHDL_1993          ; VHDL_1993          ;
; State Machine Processing                                                   ; Auto               ; Auto               ;
; Safe State Machine                                                         ; Off                ; Off                ;
; Extract Verilog State Machines                                             ; On                 ; On                 ;
; Extract VHDL State Machines                                                ; On                 ; On                 ;
; Ignore Verilog initial constructs                                          ; Off                ; Off                ;
; Iteration limit for constant Verilog loops                                 ; 5000               ; 5000               ;
; Iteration limit for non-constant Verilog loops                             ; 250                ; 250                ;
; Add Pass-Through Logic to Inferred RAMs                                    ; On                 ; On                 ;
; Infer RAMs from Raw Logic                                                  ; On                 ; On                 ;
; Parallel Synthesis                                                         ; On                 ; On                 ;
; DSP Block Balancing                                                        ; Auto               ; Auto               ;
; NOT Gate Push-Back                                                         ; On                 ; On                 ;
; Power-Up Don't Care                                                        ; On                 ; On                 ;
; Remove Redundant Logic Cells                                               ; Off                ; Off                ;
; Remove Duplicate Registers                                                 ; On                 ; On                 ;
; Ignore CARRY Buffers                                                       ; Off                ; Off                ;
; Ignore CASCADE Buffers                                                     ; Off                ; Off                ;
; Ignore GLOBAL Buffers                                                      ; Off                ; Off                ;
; Ignore ROW GLOBAL Buffers                                                  ; Off                ; Off                ;
; Ignore LCELL Buffers                                                       ; Off                ; Off                ;
; Ignore SOFT Buffers                                                        ; On                 ; On                 ;
; Limit AHDL Integers to 32 Bits                                             ; Off                ; Off                ;
; Optimization Technique                                                     ; Balanced           ; Balanced           ;
; Carry Chain Length                                                         ; 70                 ; 70                 ;
; Auto Carry Chains                                                          ; On                 ; On                 ;
; Auto Open-Drain Pins                                                       ; On                 ; On                 ;
; Perform WYSIWYG Primitive Resynthesis                                      ; Off                ; Off                ;
; Auto ROM Replacement                                                       ; On                 ; On                 ;
; Auto RAM Replacement                                                       ; On                 ; On                 ;
; Auto DSP Block Replacement                                                 ; On                 ; On                 ;
; Auto Shift Register Replacement                                            ; Auto               ; Auto               ;
; Allow Shift Register Merging across Hierarchies                            ; Auto               ; Auto               ;
; Auto Clock Enable Replacement                                              ; On                 ; On                 ;
; Strict RAM Replacement                                                     ; Off                ; Off                ;
; Allow Synchronous Control Signals                                          ; On                 ; On                 ;
; Force Use of Synchronous Clear Signals                                     ; Off                ; Off                ;
; Auto RAM Block Balancing                                                   ; On                 ; On                 ;
; Auto RAM to Logic Cell Conversion                                          ; Off                ; Off                ;
; Auto Resource Sharing                                                      ; Off                ; Off                ;
; Allow Any RAM Size For Recognition                                         ; Off                ; Off                ;
; Allow Any ROM Size For Recognition                                         ; Off                ; Off                ;
; Allow Any Shift Register Size For Recognition                              ; Off                ; Off                ;
; Use LogicLock Constraints during Resource Balancing                        ; On                 ; On                 ;
; Ignore translate_off and synthesis_off directives                          ; Off                ; Off                ;
; Timing-Driven Synthesis                                                    ; On                 ; On                 ;
; Report Parameter Settings                                                  ; On                 ; On                 ;
; Report Source Assignments                                                  ; On                 ; On                 ;
; Report Connectivity Checks                                                 ; On                 ; On                 ;
; Ignore Maximum Fan-Out Assignments                                         ; Off                ; Off                ;
; Synchronization Register Chain Length                                      ; 2                  ; 2                  ;
; PowerPlay Power Optimization During Synthesis                              ; Normal compilation ; Normal compilation ;
; HDL message level                                                          ; Level2             ; Level2             ;
; Suppress Register Optimization Related Messages                            ; Off                ; Off                ;
; Number of Removed Registers Reported in Synthesis Report                   ; 5000               ; 5000               ;
; Number of Swept Nodes Reported in Synthesis Report                         ; 5000               ; 5000               ;
; Number of Inverted Registers Reported in Synthesis Report                  ; 100                ; 100                ;
; Clock MUX Protection                                                       ; On                 ; On                 ;
; Auto Gated Clock Conversion                                                ; Off                ; Off                ;
; Block Design Naming                                                        ; Auto               ; Auto               ;
; SDC constraint protection                                                  ; Off                ; Off                ;
; Synthesis Effort                                                           ; Auto               ; Auto               ;
; Shift Register Replacement - Allow Asynchronous Clear Signal               ; On                 ; On                 ;
; Pre-Mapping Resynthesis Optimization                                       ; Off                ; Off                ;
; Analysis & Synthesis Message Level                                         ; Medium             ; Medium             ;
; Disable Register Merging Across Hierarchies                                ; Auto               ; Auto               ;
; Resource Aware Inference For Block RAM                                     ; On                 ; On                 ;
; Synthesis Seed                                                             ; 1                  ; 1                  ;
+----------------------------------------------------------------------------+--------------------+--------------------+


Parallel compilation was disabled, but you have multiple processors available. Enable parallel compilation to reduce compilation time.
+-------------------------------------+
; Parallel Compilation                ;
+----------------------------+--------+
; Processors                 ; Number ;
+----------------------------+--------+
; Number detected on machine ; 4      ;
; Maximum allowed            ; 1      ;
+----------------------------+--------+


+-----------------------------------------------------------------------------------------------------------------------------------------------------------------------------------+
; Analysis & Synthesis Source Files Read                                                                                                                                            ;
+----------------------------------+-----------------+------------------------------+-------------------------------------------------------------------------------------+---------+
; File Name with User-Entered Path ; Used in Netlist ; File Type                    ; File Name with Absolute Path                                                        ; Library ;
+----------------------------------+-----------------+------------------------------+-------------------------------------------------------------------------------------+---------+
; ../shift_reg_right.sv            ; yes             ; User SystemVerilog HDL File  ; C:/Users/Tomoyo/Documents/ITESO/2019-A-Primavera/DYV/GIT-DV/PR_2/shift_reg_right.sv ;         ;
; ../shift_reg_left.sv             ; yes             ; User SystemVerilog HDL File  ; C:/Users/Tomoyo/Documents/ITESO/2019-A-Primavera/DYV/GIT-DV/PR_2/shift_reg_left.sv  ;         ;
; ../root_square.sv                ; yes             ; User SystemVerilog HDL File  ; C:/Users/Tomoyo/Documents/ITESO/2019-A-Primavera/DYV/GIT-DV/PR_2/root_square.sv     ;         ;
; ../root_op_calc.sv               ; yes             ; User SystemVerilog HDL File  ; C:/Users/Tomoyo/Documents/ITESO/2019-A-Primavera/DYV/GIT-DV/PR_2/root_op_calc.sv    ;         ;
; ../pkg_system_mdr.sv             ; yes             ; User SystemVerilog HDL File  ; C:/Users/Tomoyo/Documents/ITESO/2019-A-Primavera/DYV/GIT-DV/PR_2/pkg_system_mdr.sv  ;         ;
; ../or_gate.sv                    ; yes             ; User SystemVerilog HDL File  ; C:/Users/Tomoyo/Documents/ITESO/2019-A-Primavera/DYV/GIT-DV/PR_2/or_gate.sv         ;         ;
; ../and_gate.sv                   ; yes             ; User SystemVerilog HDL File  ; C:/Users/Tomoyo/Documents/ITESO/2019-A-Primavera/DYV/GIT-DV/PR_2/and_gate.sv        ;         ;
+----------------------------------+-----------------+------------------------------+-------------------------------------------------------------------------------------+---------+


+-----------------------------------------------------------------------------+
; Analysis & Synthesis Resource Usage Summary                                 ;
+---------------------------------------------+-------------------------------+
; Resource                                    ; Usage                         ;
+---------------------------------------------+-------------------------------+
; Estimated Total logic elements              ; 3                             ;
;                                             ;                               ;
; Total combinational functions               ; 3                             ;
; Logic element usage by number of LUT inputs ;                               ;
;     -- 4 input functions                    ; 2                             ;
;     -- 3 input functions                    ; 1                             ;
;     -- <=2 input functions                  ; 0                             ;
;                                             ;                               ;
; Logic elements by mode                      ;                               ;
;     -- normal mode                          ; 3                             ;
;     -- arithmetic mode                      ; 0                             ;
;                                             ;                               ;
; Total registers                             ; 2                             ;
;     -- Dedicated logic registers            ; 2                             ;
;     -- I/O registers                        ; 0                             ;
;                                             ;                               ;
; I/O pins                                    ; 134                           ;
;                                             ;                               ;
; Embedded Multiplier 9-bit elements          ; 0                             ;
;                                             ;                               ;
; Maximum fan-out node                        ; shift_reg_right:DATA|r_val[0] ;
; Maximum fan-out                             ; 3                             ;
; Total fan-out                               ; 153                           ;
; Average fan-out                             ; 0.56                          ;
+---------------------------------------------+-------------------------------+


+-------------------------------------------------------------------------------------------------------------------------------------------------------------------------------------------+
; Analysis & Synthesis Resource Utilization by Entity                                                                                                                                       ;
+----------------------------+-------------------+--------------+-------------+--------------+---------+-----------+------+--------------+-----------------------------------+--------------+
; Compilation Hierarchy Node ; LC Combinationals ; LC Registers ; Memory Bits ; DSP Elements ; DSP 9x9 ; DSP 18x18 ; Pins ; Virtual Pins ; Full Hierarchy Name               ; Library Name ;
+----------------------------+-------------------+--------------+-------------+--------------+---------+-----------+------+--------------+-----------------------------------+--------------+
; |root_square               ; 3 (0)             ; 2 (0)        ; 0           ; 0            ; 0       ; 0         ; 134  ; 0            ; |root_square                      ; work         ;
;    |shift_reg_right:DATA|  ; 3 (3)             ; 2 (2)        ; 0           ; 0            ; 0       ; 0         ; 0    ; 0            ; |root_square|shift_reg_right:DATA ; work         ;
+----------------------------+-------------------+--------------+-------------+--------------+---------+-----------+------+--------------+-----------------------------------+--------------+
Note: For table entries with two numbers listed, the numbers in parentheses indicate the number of resources of the given type used by the specific entity alone. The numbers listed outside of parentheses indicate the total resources of the given type used by the specific entity and all of its sub-entities in the hierarchy.


+----------------------------------------------------------------------------------+
; Registers Removed During Synthesis                                               ;
+-----------------------------------------+----------------------------------------+
; Register name                           ; Reason for Removal                     ;
+-----------------------------------------+----------------------------------------+
; shift_reg_right:DATA|r_val[2..31]       ; Lost fanout                            ;
; shift_left:Q_SHIFT|r_val[0]             ; Lost fanout                            ;
; shift_left:QUOTIENT|r_val[0..31]        ; Lost fanout                            ;
; shift_left:REMINDER|r_val[1..31]        ; Stuck at GND due to stuck port data_in ;
; shift_left:Q_SHIFT|r_val[1..31]         ; Stuck at GND due to stuck port data_in ;
; shift_left:REMINDER|r_val[0]            ; Stuck at GND due to stuck port data_in ;
; Total Number of Removed Registers = 126 ;                                        ;
+-----------------------------------------+----------------------------------------+


+---------------------------------------------------------------------------------------------------------------------------+
; Removed Registers Triggering Further Register Optimizations                                                               ;
+-------------------------------+---------------------------+---------------------------------------------------------------+
; Register name                 ; Reason for Removal        ; Registers Removed due to This Register                        ;
+-------------------------------+---------------------------+---------------------------------------------------------------+
; shift_left:REMINDER|r_val[31] ; Stuck at GND              ; shift_left:REMINDER|r_val[30], shift_left:REMINDER|r_val[29], ;
;                               ; due to stuck port data_in ; shift_left:REMINDER|r_val[28], shift_left:REMINDER|r_val[27], ;
;                               ;                           ; shift_left:REMINDER|r_val[26], shift_left:REMINDER|r_val[25], ;
;                               ;                           ; shift_left:REMINDER|r_val[24], shift_left:REMINDER|r_val[23], ;
;                               ;                           ; shift_left:REMINDER|r_val[22], shift_left:REMINDER|r_val[21], ;
;                               ;                           ; shift_left:REMINDER|r_val[20], shift_left:REMINDER|r_val[19], ;
;                               ;                           ; shift_left:REMINDER|r_val[18], shift_left:REMINDER|r_val[17], ;
;                               ;                           ; shift_left:REMINDER|r_val[16], shift_left:REMINDER|r_val[15], ;
;                               ;                           ; shift_left:REMINDER|r_val[14], shift_left:REMINDER|r_val[13], ;
;                               ;                           ; shift_left:REMINDER|r_val[12], shift_left:REMINDER|r_val[11], ;
;                               ;                           ; shift_left:REMINDER|r_val[10], shift_left:REMINDER|r_val[9],  ;
;                               ;                           ; shift_left:REMINDER|r_val[8], shift_left:REMINDER|r_val[7],   ;
;                               ;                           ; shift_left:REMINDER|r_val[6], shift_left:REMINDER|r_val[5],   ;
;                               ;                           ; shift_left:REMINDER|r_val[4], shift_left:REMINDER|r_val[3],   ;
;                               ;                           ; shift_left:REMINDER|r_val[2], shift_left:REMINDER|r_val[1],   ;
;                               ;                           ; shift_left:REMINDER|r_val[0]                                  ;
; shift_left:Q_SHIFT|r_val[31]  ; Stuck at GND              ; shift_left:Q_SHIFT|r_val[30], shift_left:Q_SHIFT|r_val[29],   ;
;                               ; due to stuck port data_in ; shift_left:Q_SHIFT|r_val[28], shift_left:Q_SHIFT|r_val[27],   ;
;                               ;                           ; shift_left:Q_SHIFT|r_val[26], shift_left:Q_SHIFT|r_val[25],   ;
;                               ;                           ; shift_left:Q_SHIFT|r_val[24], shift_left:Q_SHIFT|r_val[23],   ;
;                               ;                           ; shift_left:Q_SHIFT|r_val[22], shift_left:Q_SHIFT|r_val[21],   ;
;                               ;                           ; shift_left:Q_SHIFT|r_val[20], shift_left:Q_SHIFT|r_val[19],   ;
;                               ;                           ; shift_left:Q_SHIFT|r_val[18], shift_left:Q_SHIFT|r_val[17],   ;
;                               ;                           ; shift_left:Q_SHIFT|r_val[16], shift_left:Q_SHIFT|r_val[15],   ;
;                               ;                           ; shift_left:Q_SHIFT|r_val[14], shift_left:Q_SHIFT|r_val[13],   ;
;                               ;                           ; shift_left:Q_SHIFT|r_val[12], shift_left:Q_SHIFT|r_val[11],   ;
;                               ;                           ; shift_left:Q_SHIFT|r_val[10], shift_left:Q_SHIFT|r_val[9],    ;
;                               ;                           ; shift_left:Q_SHIFT|r_val[8], shift_left:Q_SHIFT|r_val[7],     ;
;                               ;                           ; shift_left:Q_SHIFT|r_val[6], shift_left:Q_SHIFT|r_val[5],     ;
;                               ;                           ; shift_left:Q_SHIFT|r_val[4], shift_left:Q_SHIFT|r_val[3],     ;
;                               ;                           ; shift_left:Q_SHIFT|r_val[2], shift_left:Q_SHIFT|r_val[1]      ;
; shift_left:QUOTIENT|r_val[0]  ; Lost Fanouts              ; shift_left:QUOTIENT|r_val[1]                                  ;
+-------------------------------+---------------------------+---------------------------------------------------------------+


+------------------------------------------------------+
; General Register Statistics                          ;
+----------------------------------------------+-------+
; Statistic                                    ; Value ;
+----------------------------------------------+-------+
; Total registers                              ; 2     ;
; Number of registers using Synchronous Clear  ; 0     ;
; Number of registers using Synchronous Load   ; 0     ;
; Number of registers using Asynchronous Clear ; 2     ;
; Number of registers using Asynchronous Load  ; 0     ;
; Number of registers using Clock Enable       ; 0     ;
; Number of registers using Preset             ; 0     ;
+----------------------------------------------+-------+


+------------------------------------------------------------------+
; Parameter Settings for User Entity Instance: shift_left:QUOTIENT ;
+----------------+-------+-----------------------------------------+
; Parameter Name ; Value ; Type                                    ;
+----------------+-------+-----------------------------------------+
; SHIFT          ; 1     ; Signed Integer                          ;
+----------------+-------+-----------------------------------------+
Note: In order to hide this table in the UI and the text report file, please set the "Show Parameter Settings in Synthesis Report" option in "Analysis and Synthesis Settings -> More Settings" to "Off".


+-----------------------------------------------------------------+
; Parameter Settings for User Entity Instance: shift_left:Q_SHIFT ;
+----------------+-------+----------------------------------------+
; Parameter Name ; Value ; Type                                   ;
+----------------+-------+----------------------------------------+
; SHIFT          ; 1     ; Signed Integer                         ;
+----------------+-------+----------------------------------------+
Note: In order to hide this table in the UI and the text report file, please set the "Show Parameter Settings in Synthesis Report" option in "Analysis and Synthesis Settings -> More Settings" to "Off".


+------------------------------------------------------------------+
; Parameter Settings for User Entity Instance: shift_left:REMINDER ;
+----------------+-------+-----------------------------------------+
; Parameter Name ; Value ; Type                                    ;
+----------------+-------+-----------------------------------------+
; SHIFT          ; 1     ; Signed Integer                          ;
+----------------+-------+-----------------------------------------+
Note: In order to hide this table in the UI and the text report file, please set the "Show Parameter Settings in Synthesis Report" option in "Analysis and Synthesis Settings -> More Settings" to "Off".


+-------------------------------------------------------------------+
; Parameter Settings for User Entity Instance: shift_reg_right:DATA ;
+----------------+-------+------------------------------------------+
; Parameter Name ; Value ; Type                                     ;
+----------------+-------+------------------------------------------+
; SHIFT          ; 1     ; Signed Integer                           ;
+----------------+-------+------------------------------------------+
Note: In order to hide this table in the UI and the text report file, please set the "Show Parameter Settings in Synthesis Report" option in "Analysis and Synthesis Settings -> More Settings" to "Off".


+--------------------------------------------------+
; Port Connectivity Checks: "and_gate:AND_D_3_ALU" ;
+----------------+-------+----------+--------------+
; Port           ; Type  ; Severity ; Details      ;
+----------------+-------+----------+--------------+
; i_val_b[1..0]  ; Input ; Info     ; Stuck at VCC ;
; i_val_b[31..2] ; Input ; Info     ; Stuck at GND ;
+----------------+-------+----------+--------------+


+--------------------------------------------------------------------------------------------------------------------------------------------------------------------------+
; Port Connectivity Checks: "shift_left:REMINDER"                                                                                                                          ;
+--------+-------+----------+----------------------------------------------------------------------------------------------------------------------------------------------+
; Port   ; Type  ; Severity ; Details                                                                                                                                      ;
+--------+-------+----------+----------------------------------------------------------------------------------------------------------------------------------------------+
; i_init ; Input ; Warning  ; Declared by entity but not connected by instance. If a default value exists, it will be used.  Otherwise, the port will be connected to GND. ;
+--------+-------+----------+----------------------------------------------------------------------------------------------------------------------------------------------+


+--------------------------------------------------------------------------------------------------------------------------------------------------------------------------------+
; Port Connectivity Checks: "or_gate:OR_Q_OP_Q"                                                                                                                                  ;
+---------+-------+----------+---------------------------------------------------------------------------------------------------------------------------------------------------+
; Port    ; Type  ; Severity ; Details                                                                                                                                           ;
+---------+-------+----------+---------------------------------------------------------------------------------------------------------------------------------------------------+
; i_val_b ; Input ; Warning  ; Input port expression (2 bits) is smaller than the input port (32 bits) it drives.  Extra input bit(s) "i_val_b[31..2]" will be connected to GND. ;
+---------+-------+----------+---------------------------------------------------------------------------------------------------------------------------------------------------+


+--------------------------------------------------------------------------------------------------------------------------------------------------------------------------------+
; Port Connectivity Checks: "or_gate:OR_QS_OP_ALU"                                                                                                                               ;
+---------+-------+----------+---------------------------------------------------------------------------------------------------------------------------------------------------+
; Port    ; Type  ; Severity ; Details                                                                                                                                           ;
+---------+-------+----------+---------------------------------------------------------------------------------------------------------------------------------------------------+
; i_val_b ; Input ; Warning  ; Input port expression (1 bits) is smaller than the input port (32 bits) it drives.  Extra input bit(s) "i_val_b[31..1]" will be connected to GND. ;
+---------+-------+----------+---------------------------------------------------------------------------------------------------------------------------------------------------+


+---------------------------------------------------------------------------------------------------------------------------+
; Port Connectivity Checks: "root_op_calc:OPCALCROOT"                                                                       ;
+-----------------+--------+----------+-------------------------------------------------------------------------------------+
; Port            ; Type   ; Severity ; Details                                                                             ;
+-----------------+--------+----------+-------------------------------------------------------------------------------------+
; o_or_q[31..2]   ; Output ; Info     ; Connected to dangling logic. Logic that only feeds a dangling port will be removed. ;
; o_or_alu[31..1] ; Output ; Info     ; Connected to dangling logic. Logic that only feeds a dangling port will be removed. ;
+-----------------+--------+----------+-------------------------------------------------------------------------------------+


+--------------------------------------------------------------------------------------------------------------------------------------------------------------------------+
; Port Connectivity Checks: "shift_left:Q_SHIFT"                                                                                                                           ;
+--------+-------+----------+----------------------------------------------------------------------------------------------------------------------------------------------+
; Port   ; Type  ; Severity ; Details                                                                                                                                      ;
+--------+-------+----------+----------------------------------------------------------------------------------------------------------------------------------------------+
; i_init ; Input ; Warning  ; Declared by entity but not connected by instance. If a default value exists, it will be used.  Otherwise, the port will be connected to GND. ;
+--------+-------+----------+----------------------------------------------------------------------------------------------------------------------------------------------+


+--------------------------------------------------------------------------------------------------------------------------------------------------------------------------+
; Port Connectivity Checks: "shift_left:QUOTIENT"                                                                                                                          ;
+--------+-------+----------+----------------------------------------------------------------------------------------------------------------------------------------------+
; Port   ; Type  ; Severity ; Details                                                                                                                                      ;
+--------+-------+----------+----------------------------------------------------------------------------------------------------------------------------------------------+
; i_init ; Input ; Warning  ; Declared by entity but not connected by instance. If a default value exists, it will be used.  Otherwise, the port will be connected to GND. ;
+--------+-------+----------+----------------------------------------------------------------------------------------------------------------------------------------------+


+-----------------------------------------------------+
; Post-Synthesis Netlist Statistics for Top Partition ;
+-----------------------+-----------------------------+
; Type                  ; Count                       ;
+-----------------------+-----------------------------+
; boundary_port         ; 134                         ;
; cycloneiii_ff         ; 2                           ;
;     CLR               ; 2                           ;
; cycloneiii_lcell_comb ; 5                           ;
;     normal            ; 5                           ;
;         0 data inputs ; 2                           ;
;         3 data inputs ; 1                           ;
;         4 data inputs ; 2                           ;
;                       ;                             ;
; Max LUT depth         ; 2.00                        ;
; Average LUT depth     ; 1.15                        ;
+-----------------------+-----------------------------+


+-------------------------------+
; Elapsed Time Per Partition    ;
+----------------+--------------+
; Partition Name ; Elapsed Time ;
+----------------+--------------+
; Top            ; 00:00:00     ;
+----------------+--------------+


+-------------------------------+
; Analysis & Synthesis Messages ;
+-------------------------------+
Info: *******************************************************************
Info: Running Quartus Prime Analysis & Synthesis
    Info: Version 15.1.0 Build 185 10/21/2015 SJ Lite Edition
    Info: Processing started: Tue Apr 09 03:22:04 2019
Info: Command: quartus_map --read_settings_files=on --write_settings_files=off MDR -c MDR
Warning (20028): Parallel compilation is not licensed and has been disabled
Info (12021): Found 1 design units, including 1 entities, in source file /users/tomoyo/documents/iteso/2019-a-primavera/dyv/git-dv/pr_2/shift_right.sv
    Info (12023): Found entity 1: shift_right File: C:/Users/Tomoyo/Documents/ITESO/2019-A-Primavera/DYV/GIT-DV/PR_2/shift_right.sv Line: 4
Info (12021): Found 1 design units, including 1 entities, in source file /users/tomoyo/documents/iteso/2019-a-primavera/dyv/git-dv/pr_2/shift_reg_right.sv
    Info (12023): Found entity 1: shift_reg_right File: C:/Users/Tomoyo/Documents/ITESO/2019-A-Primavera/DYV/GIT-DV/PR_2/shift_reg_right.sv Line: 4
Info (12021): Found 1 design units, including 1 entities, in source file /users/tomoyo/documents/iteso/2019-a-primavera/dyv/git-dv/pr_2/shift_reg_left.sv
    Info (12023): Found entity 1: shift_left File: C:/Users/Tomoyo/Documents/ITESO/2019-A-Primavera/DYV/GIT-DV/PR_2/shift_reg_left.sv Line: 4
Info (12021): Found 0 design units, including 0 entities, in source file /users/tomoyo/documents/iteso/2019-a-primavera/dyv/git-dv/pr_2/shift_left.sv
Info (12021): Found 1 design units, including 1 entities, in source file /users/tomoyo/documents/iteso/2019-a-primavera/dyv/git-dv/pr_2/root_square.sv
    Info (12023): Found entity 1: root_square File: C:/Users/Tomoyo/Documents/ITESO/2019-A-Primavera/DYV/GIT-DV/PR_2/root_square.sv Line: 4
Info (12021): Found 1 design units, including 1 entities, in source file /users/tomoyo/documents/iteso/2019-a-primavera/dyv/git-dv/pr_2/root_op_calc.sv
    Info (12023): Found entity 1: root_op_calc File: C:/Users/Tomoyo/Documents/ITESO/2019-A-Primavera/DYV/GIT-DV/PR_2/root_op_calc.sv Line: 4
Info (12021): Found 1 design units, including 0 entities, in source file /users/tomoyo/documents/iteso/2019-a-primavera/dyv/git-dv/pr_2/pkg_system_mdr.sv
    Info (12022): Found design unit 1: pkg_system_mdr (SystemVerilog) File: C:/Users/Tomoyo/Documents/ITESO/2019-A-Primavera/DYV/GIT-DV/PR_2/pkg_system_mdr.sv Line: 4
Info (12021): Found 1 design units, including 1 entities, in source file /users/tomoyo/documents/iteso/2019-a-primavera/dyv/git-dv/pr_2/or_gate.sv
    Info (12023): Found entity 1: or_gate File: C:/Users/Tomoyo/Documents/ITESO/2019-A-Primavera/DYV/GIT-DV/PR_2/or_gate.sv Line: 4
Info (12021): Found 1 design units, including 1 entities, in source file /users/tomoyo/documents/iteso/2019-a-primavera/dyv/git-dv/pr_2/couter.sv
    Info (12023): Found entity 1: counter File: C:/Users/Tomoyo/Documents/ITESO/2019-A-Primavera/DYV/GIT-DV/PR_2/couter.sv Line: 4
Info (12021): Found 1 design units, including 1 entities, in source file /users/tomoyo/documents/iteso/2019-a-primavera/dyv/git-dv/pr_2/control.sv
    Info (12023): Found entity 1: control File: C:/Users/Tomoyo/Documents/ITESO/2019-A-Primavera/DYV/GIT-DV/PR_2/control.sv Line: 4
Info (12021): Found 1 design units, including 1 entities, in source file /users/tomoyo/documents/iteso/2019-a-primavera/dyv/git-dv/pr_2/and_gate.sv
    Info (12023): Found entity 1: and_gate File: C:/Users/Tomoyo/Documents/ITESO/2019-A-Primavera/DYV/GIT-DV/PR_2/and_gate.sv Line: 4
Info (12021): Found 1 design units, including 1 entities, in source file /users/tomoyo/documents/iteso/2019-a-primavera/dyv/git-dv/pr_2/alu.sv
    Info (12023): Found entity 1: alu File: C:/Users/Tomoyo/Documents/ITESO/2019-A-Primavera/DYV/GIT-DV/PR_2/alu.sv Line: 4
Info (12127): Elaborating entity "root_square" for the top level hierarchy
Info (12128): Elaborating entity "shift_left" for hierarchy "shift_left:QUOTIENT" File: C:/Users/Tomoyo/Documents/ITESO/2019-A-Primavera/DYV/GIT-DV/PR_2/root_square.sv Line: 36
Info (12128): Elaborating entity "root_op_calc" for hierarchy "root_op_calc:OPCALCROOT" File: C:/Users/Tomoyo/Documents/ITESO/2019-A-Primavera/DYV/GIT-DV/PR_2/root_square.sv Line: 55
Info (12128): Elaborating entity "or_gate" for hierarchy "or_gate:OR_QS_OP_ALU" File: C:/Users/Tomoyo/Documents/ITESO/2019-A-Primavera/DYV/GIT-DV/PR_2/root_square.sv Line: 62
Info (12128): Elaborating entity "shift_reg_right" for hierarchy "shift_reg_right:DATA" File: C:/Users/Tomoyo/Documents/ITESO/2019-A-Primavera/DYV/GIT-DV/PR_2/root_square.sv Line: 90
Info (12128): Elaborating entity "and_gate" for hierarchy "and_gate:AND_D_3_ALU" File: C:/Users/Tomoyo/Documents/ITESO/2019-A-Primavera/DYV/GIT-DV/PR_2/root_square.sv Line: 97
Warning (12241): 5 hierarchies have connectivity warnings - see the Connectivity Checks report folder
Warning (13024): Output pins are stuck at VCC or GND
    Warning (13410): Pin "o_root_alu_a[0]" is stuck at VCC File: C:/Users/Tomoyo/Documents/ITESO/2019-A-Primavera/DYV/GIT-DV/PR_2/root_square.sv Line: 17
    Warning (13410): Pin "o_root_alu_a[1]" is stuck at GND File: C:/Users/Tomoyo/Documents/ITESO/2019-A-Primavera/DYV/GIT-DV/PR_2/root_square.sv Line: 17
    Warning (13410): Pin "o_root_alu_a[2]" is stuck at GND File: C:/Users/Tomoyo/Documents/ITESO/2019-A-Primavera/DYV/GIT-DV/PR_2/root_square.sv Line: 17
    Warning (13410): Pin "o_root_alu_a[3]" is stuck at GND File: C:/Users/Tomoyo/Documents/ITESO/2019-A-Primavera/DYV/GIT-DV/PR_2/root_square.sv Line: 17
    Warning (13410): Pin "o_root_alu_a[4]" is stuck at GND File: C:/Users/Tomoyo/Documents/ITESO/2019-A-Primavera/DYV/GIT-DV/PR_2/root_square.sv Line: 17
    Warning (13410): Pin "o_root_alu_a[5]" is stuck at GND File: C:/Users/Tomoyo/Documents/ITESO/2019-A-Primavera/DYV/GIT-DV/PR_2/root_square.sv Line: 17
    Warning (13410): Pin "o_root_alu_a[6]" is stuck at GND File: C:/Users/Tomoyo/Documents/ITESO/2019-A-Primavera/DYV/GIT-DV/PR_2/root_square.sv Line: 17
    Warning (13410): Pin "o_root_alu_a[7]" is stuck at GND File: C:/Users/Tomoyo/Documents/ITESO/2019-A-Primavera/DYV/GIT-DV/PR_2/root_square.sv Line: 17
    Warning (13410): Pin "o_root_alu_a[8]" is stuck at GND File: C:/Users/Tomoyo/Documents/ITESO/2019-A-Primavera/DYV/GIT-DV/PR_2/root_square.sv Line: 17
    Warning (13410): Pin "o_root_alu_a[9]" is stuck at GND File: C:/Users/Tomoyo/Documents/ITESO/2019-A-Primavera/DYV/GIT-DV/PR_2/root_square.sv Line: 17
    Warning (13410): Pin "o_root_alu_a[10]" is stuck at GND File: C:/Users/Tomoyo/Documents/ITESO/2019-A-Primavera/DYV/GIT-DV/PR_2/root_square.sv Line: 17
    Warning (13410): Pin "o_root_alu_a[11]" is stuck at GND File: C:/Users/Tomoyo/Documents/ITESO/2019-A-Primavera/DYV/GIT-DV/PR_2/root_square.sv Line: 17
    Warning (13410): Pin "o_root_alu_a[12]" is stuck at GND File: C:/Users/Tomoyo/Documents/ITESO/2019-A-Primavera/DYV/GIT-DV/PR_2/root_square.sv Line: 17
    Warning (13410): Pin "o_root_alu_a[13]" is stuck at GND File: C:/Users/Tomoyo/Documents/ITESO/2019-A-Primavera/DYV/GIT-DV/PR_2/root_square.sv Line: 17
    Warning (13410): Pin "o_root_alu_a[14]" is stuck at GND File: C:/Users/Tomoyo/Documents/ITESO/2019-A-Primavera/DYV/GIT-DV/PR_2/root_square.sv Line: 17
    Warning (13410): Pin "o_root_alu_a[15]" is stuck at GND File: C:/Users/Tomoyo/Documents/ITESO/2019-A-Primavera/DYV/GIT-DV/PR_2/root_square.sv Line: 17
    Warning (13410): Pin "o_root_alu_a[16]" is stuck at GND File: C:/Users/Tomoyo/Documents/ITESO/2019-A-Primavera/DYV/GIT-DV/PR_2/root_square.sv Line: 17
    Warning (13410): Pin "o_root_alu_a[17]" is stuck at GND File: C:/Users/Tomoyo/Documents/ITESO/2019-A-Primavera/DYV/GIT-DV/PR_2/root_square.sv Line: 17
    Warning (13410): Pin "o_root_alu_a[18]" is stuck at GND File: C:/Users/Tomoyo/Documents/ITESO/2019-A-Primavera/DYV/GIT-DV/PR_2/root_square.sv Line: 17
    Warning (13410): Pin "o_root_alu_a[19]" is stuck at GND File: C:/Users/Tomoyo/Documents/ITESO/2019-A-Primavera/DYV/GIT-DV/PR_2/root_square.sv Line: 17
    Warning (13410): Pin "o_root_alu_a[20]" is stuck at GND File: C:/Users/Tomoyo/Documents/ITESO/2019-A-Primavera/DYV/GIT-DV/PR_2/root_square.sv Line: 17
    Warning (13410): Pin "o_root_alu_a[21]" is stuck at GND File: C:/Users/Tomoyo/Documents/ITESO/2019-A-Primavera/DYV/GIT-DV/PR_2/root_square.sv Line: 17
    Warning (13410): Pin "o_root_alu_a[22]" is stuck at GND File: C:/Users/Tomoyo/Documents/ITESO/2019-A-Primavera/DYV/GIT-DV/PR_2/root_square.sv Line: 17
    Warning (13410): Pin "o_root_alu_a[23]" is stuck at GND File: C:/Users/Tomoyo/Documents/ITESO/2019-A-Primavera/DYV/GIT-DV/PR_2/root_square.sv Line: 17
    Warning (13410): Pin "o_root_alu_a[24]" is stuck at GND File: C:/Users/Tomoyo/Documents/ITESO/2019-A-Primavera/DYV/GIT-DV/PR_2/root_square.sv Line: 17
    Warning (13410): Pin "o_root_alu_a[25]" is stuck at GND File: C:/Users/Tomoyo/Documents/ITESO/2019-A-Primavera/DYV/GIT-DV/PR_2/root_square.sv Line: 17
    Warning (13410): Pin "o_root_alu_a[26]" is stuck at GND File: C:/Users/Tomoyo/Documents/ITESO/2019-A-Primavera/DYV/GIT-DV/PR_2/root_square.sv Line: 17
    Warning (13410): Pin "o_root_alu_a[27]" is stuck at GND File: C:/Users/Tomoyo/Documents/ITESO/2019-A-Primavera/DYV/GIT-DV/PR_2/root_square.sv Line: 17
    Warning (13410): Pin "o_root_alu_a[28]" is stuck at GND File: C:/Users/Tomoyo/Documents/ITESO/2019-A-Primavera/DYV/GIT-DV/PR_2/root_square.sv Line: 17
    Warning (13410): Pin "o_root_alu_a[29]" is stuck at GND File: C:/Users/Tomoyo/Documents/ITESO/2019-A-Primavera/DYV/GIT-DV/PR_2/root_square.sv Line: 17
    Warning (13410): Pin "o_root_alu_a[30]" is stuck at GND File: C:/Users/Tomoyo/Documents/ITESO/2019-A-Primavera/DYV/GIT-DV/PR_2/root_square.sv Line: 17
    Warning (13410): Pin "o_root_alu_a[31]" is stuck at GND File: C:/Users/Tomoyo/Documents/ITESO/2019-A-Primavera/DYV/GIT-DV/PR_2/root_square.sv Line: 17
    Warning (13410): Pin "o_root_alu_b[2]" is stuck at GND File: C:/Users/Tomoyo/Documents/ITESO/2019-A-Primavera/DYV/GIT-DV/PR_2/root_square.sv Line: 18
    Warning (13410): Pin "o_root_alu_b[3]" is stuck at GND File: C:/Users/Tomoyo/Documents/ITESO/2019-A-Primavera/DYV/GIT-DV/PR_2/root_square.sv Line: 18
    Warning (13410): Pin "o_root_alu_b[4]" is stuck at GND File: C:/Users/Tomoyo/Documents/ITESO/2019-A-Primavera/DYV/GIT-DV/PR_2/root_square.sv Line: 18
    Warning (13410): Pin "o_root_alu_b[5]" is stuck at GND File: C:/Users/Tomoyo/Documents/ITESO/2019-A-Primavera/DYV/GIT-DV/PR_2/root_square.sv Line: 18
    Warning (13410): Pin "o_root_alu_b[6]" is stuck at GND File: C:/Users/Tomoyo/Documents/ITESO/2019-A-Primavera/DYV/GIT-DV/PR_2/root_square.sv Line: 18
    Warning (13410): Pin "o_root_alu_b[7]" is stuck at GND File: C:/Users/Tomoyo/Documents/ITESO/2019-A-Primavera/DYV/GIT-DV/PR_2/root_square.sv Line: 18
    Warning (13410): Pin "o_root_alu_b[8]" is stuck at GND File: C:/Users/Tomoyo/Documents/ITESO/2019-A-Primavera/DYV/GIT-DV/PR_2/root_square.sv Line: 18
    Warning (13410): Pin "o_root_alu_b[9]" is stuck at GND File: C:/Users/Tomoyo/Documents/ITESO/2019-A-Primavera/DYV/GIT-DV/PR_2/root_square.sv Line: 18
    Warning (13410): Pin "o_root_alu_b[10]" is stuck at GND File: C:/Users/Tomoyo/Documents/ITESO/2019-A-Primavera/DYV/GIT-DV/PR_2/root_square.sv Line: 18
    Warning (13410): Pin "o_root_alu_b[11]" is stuck at GND File: C:/Users/Tomoyo/Documents/ITESO/2019-A-Primavera/DYV/GIT-DV/PR_2/root_square.sv Line: 18
    Warning (13410): Pin "o_root_alu_b[12]" is stuck at GND File: C:/Users/Tomoyo/Documents/ITESO/2019-A-Primavera/DYV/GIT-DV/PR_2/root_square.sv Line: 18
    Warning (13410): Pin "o_root_alu_b[13]" is stuck at GND File: C:/Users/Tomoyo/Documents/ITESO/2019-A-Primavera/DYV/GIT-DV/PR_2/root_square.sv Line: 18
    Warning (13410): Pin "o_root_alu_b[14]" is stuck at GND File: C:/Users/Tomoyo/Documents/ITESO/2019-A-Primavera/DYV/GIT-DV/PR_2/root_square.sv Line: 18
    Warning (13410): Pin "o_root_alu_b[15]" is stuck at GND File: C:/Users/Tomoyo/Documents/ITESO/2019-A-Primavera/DYV/GIT-DV/PR_2/root_square.sv Line: 18
    Warning (13410): Pin "o_root_alu_b[16]" is stuck at GND File: C:/Users/Tomoyo/Documents/ITESO/2019-A-Primavera/DYV/GIT-DV/PR_2/root_square.sv Line: 18
    Warning (13410): Pin "o_root_alu_b[17]" is stuck at GND File: C:/Users/Tomoyo/Documents/ITESO/2019-A-Primavera/DYV/GIT-DV/PR_2/root_square.sv Line: 18
    Warning (13410): Pin "o_root_alu_b[18]" is stuck at GND File: C:/Users/Tomoyo/Documents/ITESO/2019-A-Primavera/DYV/GIT-DV/PR_2/root_square.sv Line: 18
    Warning (13410): Pin "o_root_alu_b[19]" is stuck at GND File: C:/Users/Tomoyo/Documents/ITESO/2019-A-Primavera/DYV/GIT-DV/PR_2/root_square.sv Line: 18
    Warning (13410): Pin "o_root_alu_b[20]" is stuck at GND File: C:/Users/Tomoyo/Documents/ITESO/2019-A-Primavera/DYV/GIT-DV/PR_2/root_square.sv Line: 18
    Warning (13410): Pin "o_root_alu_b[21]" is stuck at GND File: C:/Users/Tomoyo/Documents/ITESO/2019-A-Primavera/DYV/GIT-DV/PR_2/root_square.sv Line: 18
    Warning (13410): Pin "o_root_alu_b[22]" is stuck at GND File: C:/Users/Tomoyo/Documents/ITESO/2019-A-Primavera/DYV/GIT-DV/PR_2/root_square.sv Line: 18
    Warning (13410): Pin "o_root_alu_b[23]" is stuck at GND File: C:/Users/Tomoyo/Documents/ITESO/2019-A-Primavera/DYV/GIT-DV/PR_2/root_square.sv Line: 18
    Warning (13410): Pin "o_root_alu_b[24]" is stuck at GND File: C:/Users/Tomoyo/Documents/ITESO/2019-A-Primavera/DYV/GIT-DV/PR_2/root_square.sv Line: 18
    Warning (13410): Pin "o_root_alu_b[25]" is stuck at GND File: C:/Users/Tomoyo/Documents/ITESO/2019-A-Primavera/DYV/GIT-DV/PR_2/root_square.sv Line: 18
    Warning (13410): Pin "o_root_alu_b[26]" is stuck at GND File: C:/Users/Tomoyo/Documents/ITESO/2019-A-Primavera/DYV/GIT-DV/PR_2/root_square.sv Line: 18
    Warning (13410): Pin "o_root_alu_b[27]" is stuck at GND File: C:/Users/Tomoyo/Documents/ITESO/2019-A-Primavera/DYV/GIT-DV/PR_2/root_square.sv Line: 18
    Warning (13410): Pin "o_root_alu_b[28]" is stuck at GND File: C:/Users/Tomoyo/Documents/ITESO/2019-A-Primavera/DYV/GIT-DV/PR_2/root_square.sv Line: 18
    Warning (13410): Pin "o_root_alu_b[29]" is stuck at GND File: C:/Users/Tomoyo/Documents/ITESO/2019-A-Primavera/DYV/GIT-DV/PR_2/root_square.sv Line: 18
    Warning (13410): Pin "o_root_alu_b[30]" is stuck at GND File: C:/Users/Tomoyo/Documents/ITESO/2019-A-Primavera/DYV/GIT-DV/PR_2/root_square.sv Line: 18
    Warning (13410): Pin "o_root_alu_b[31]" is stuck at GND File: C:/Users/Tomoyo/Documents/ITESO/2019-A-Primavera/DYV/GIT-DV/PR_2/root_square.sv Line: 18
    Warning (13410): Pin "o_root_op[0]" is stuck at VCC File: C:/Users/Tomoyo/Documents/ITESO/2019-A-Primavera/DYV/GIT-DV/PR_2/root_square.sv Line: 21
    Warning (13410): Pin "o_root_op[1]" is stuck at GND File: C:/Users/Tomoyo/Documents/ITESO/2019-A-Primavera/DYV/GIT-DV/PR_2/root_square.sv Line: 21
Info (286030): Timing-Driven Synthesis is running
Info (17049): 63 registers lost all their fanouts during netlist optimizations.
Info (16010): Generating hard_block partition "hard_block:auto_generated_inst"
    Info (16011): Adding 0 node(s), including 0 DDIO, 0 PLL, 0 transceiver and 0 LCELL
Warning (21074): Design contains 62 input pin(s) that do not drive logic
    Warning (15610): No output dependent on input pin "i_alu_result[0]" File: C:/Users/Tomoyo/Documents/ITESO/2019-A-Primavera/DYV/GIT-DV/PR_2/root_square.sv Line: 10
    Warning (15610): No output dependent on input pin "i_alu_result[1]" File: C:/Users/Tomoyo/Documents/ITESO/2019-A-Primavera/DYV/GIT-DV/PR_2/root_square.sv Line: 10
    Warning (15610): No output dependent on input pin "i_alu_result[2]" File: C:/Users/Tomoyo/Documents/ITESO/2019-A-Primavera/DYV/GIT-DV/PR_2/root_square.sv Line: 10
    Warning (15610): No output dependent on input pin "i_alu_result[3]" File: C:/Users/Tomoyo/Documents/ITESO/2019-A-Primavera/DYV/GIT-DV/PR_2/root_square.sv Line: 10
    Warning (15610): No output dependent on input pin "i_alu_result[4]" File: C:/Users/Tomoyo/Documents/ITESO/2019-A-Primavera/DYV/GIT-DV/PR_2/root_square.sv Line: 10
    Warning (15610): No output dependent on input pin "i_alu_result[5]" File: C:/Users/Tomoyo/Documents/ITESO/2019-A-Primavera/DYV/GIT-DV/PR_2/root_square.sv Line: 10
    Warning (15610): No output dependent on input pin "i_alu_result[6]" File: C:/Users/Tomoyo/Documents/ITESO/2019-A-Primavera/DYV/GIT-DV/PR_2/root_square.sv Line: 10
    Warning (15610): No output dependent on input pin "i_alu_result[7]" File: C:/Users/Tomoyo/Documents/ITESO/2019-A-Primavera/DYV/GIT-DV/PR_2/root_square.sv Line: 10
    Warning (15610): No output dependent on input pin "i_alu_result[8]" File: C:/Users/Tomoyo/Documents/ITESO/2019-A-Primavera/DYV/GIT-DV/PR_2/root_square.sv Line: 10
    Warning (15610): No output dependent on input pin "i_alu_result[9]" File: C:/Users/Tomoyo/Documents/ITESO/2019-A-Primavera/DYV/GIT-DV/PR_2/root_square.sv Line: 10
    Warning (15610): No output dependent on input pin "i_alu_result[10]" File: C:/Users/Tomoyo/Documents/ITESO/2019-A-Primavera/DYV/GIT-DV/PR_2/root_square.sv Line: 10
    Warning (15610): No output dependent on input pin "i_alu_result[11]" File: C:/Users/Tomoyo/Documents/ITESO/2019-A-Primavera/DYV/GIT-DV/PR_2/root_square.sv Line: 10
    Warning (15610): No output dependent on input pin "i_alu_result[12]" File: C:/Users/Tomoyo/Documents/ITESO/2019-A-Primavera/DYV/GIT-DV/PR_2/root_square.sv Line: 10
    Warning (15610): No output dependent on input pin "i_alu_result[13]" File: C:/Users/Tomoyo/Documents/ITESO/2019-A-Primavera/DYV/GIT-DV/PR_2/root_square.sv Line: 10
    Warning (15610): No output dependent on input pin "i_alu_result[14]" File: C:/Users/Tomoyo/Documents/ITESO/2019-A-Primavera/DYV/GIT-DV/PR_2/root_square.sv Line: 10
    Warning (15610): No output dependent on input pin "i_alu_result[15]" File: C:/Users/Tomoyo/Documents/ITESO/2019-A-Primavera/DYV/GIT-DV/PR_2/root_square.sv Line: 10
    Warning (15610): No output dependent on input pin "i_alu_result[16]" File: C:/Users/Tomoyo/Documents/ITESO/2019-A-Primavera/DYV/GIT-DV/PR_2/root_square.sv Line: 10
    Warning (15610): No output dependent on input pin "i_alu_result[17]" File: C:/Users/Tomoyo/Documents/ITESO/2019-A-Primavera/DYV/GIT-DV/PR_2/root_square.sv Line: 10
    Warning (15610): No output dependent on input pin "i_alu_result[18]" File: C:/Users/Tomoyo/Documents/ITESO/2019-A-Primavera/DYV/GIT-DV/PR_2/root_square.sv Line: 10
    Warning (15610): No output dependent on input pin "i_alu_result[19]" File: C:/Users/Tomoyo/Documents/ITESO/2019-A-Primavera/DYV/GIT-DV/PR_2/root_square.sv Line: 10
    Warning (15610): No output dependent on input pin "i_alu_result[20]" File: C:/Users/Tomoyo/Documents/ITESO/2019-A-Primavera/DYV/GIT-DV/PR_2/root_square.sv Line: 10
    Warning (15610): No output dependent on input pin "i_alu_result[21]" File: C:/Users/Tomoyo/Documents/ITESO/2019-A-Primavera/DYV/GIT-DV/PR_2/root_square.sv Line: 10
    Warning (15610): No output dependent on input pin "i_alu_result[22]" File: C:/Users/Tomoyo/Documents/ITESO/2019-A-Primavera/DYV/GIT-DV/PR_2/root_square.sv Line: 10
    Warning (15610): No output dependent on input pin "i_alu_result[23]" File: C:/Users/Tomoyo/Documents/ITESO/2019-A-Primavera/DYV/GIT-DV/PR_2/root_square.sv Line: 10
    Warning (15610): No output dependent on input pin "i_alu_result[24]" File: C:/Users/Tomoyo/Documents/ITESO/2019-A-Primavera/DYV/GIT-DV/PR_2/root_square.sv Line: 10
    Warning (15610): No output dependent on input pin "i_alu_result[25]" File: C:/Users/Tomoyo/Documents/ITESO/2019-A-Primavera/DYV/GIT-DV/PR_2/root_square.sv Line: 10
    Warning (15610): No output dependent on input pin "i_alu_result[26]" File: C:/Users/Tomoyo/Documents/ITESO/2019-A-Primavera/DYV/GIT-DV/PR_2/root_square.sv Line: 10
    Warning (15610): No output dependent on input pin "i_alu_result[27]" File: C:/Users/Tomoyo/Documents/ITESO/2019-A-Primavera/DYV/GIT-DV/PR_2/root_square.sv Line: 10
    Warning (15610): No output dependent on input pin "i_alu_result[28]" File: C:/Users/Tomoyo/Documents/ITESO/2019-A-Primavera/DYV/GIT-DV/PR_2/root_square.sv Line: 10
    Warning (15610): No output dependent on input pin "i_alu_result[29]" File: C:/Users/Tomoyo/Documents/ITESO/2019-A-Primavera/DYV/GIT-DV/PR_2/root_square.sv Line: 10
    Warning (15610): No output dependent on input pin "i_alu_result[30]" File: C:/Users/Tomoyo/Documents/ITESO/2019-A-Primavera/DYV/GIT-DV/PR_2/root_square.sv Line: 10
    Warning (15610): No output dependent on input pin "i_alu_result[31]" File: C:/Users/Tomoyo/Documents/ITESO/2019-A-Primavera/DYV/GIT-DV/PR_2/root_square.sv Line: 10
    Warning (15610): No output dependent on input pin "i_val_x[2]" File: C:/Users/Tomoyo/Documents/ITESO/2019-A-Primavera/DYV/GIT-DV/PR_2/root_square.sv Line: 11
    Warning (15610): No output dependent on input pin "i_val_x[3]" File: C:/Users/Tomoyo/Documents/ITESO/2019-A-Primavera/DYV/GIT-DV/PR_2/root_square.sv Line: 11
    Warning (15610): No output dependent on input pin "i_val_x[4]" File: C:/Users/Tomoyo/Documents/ITESO/2019-A-Primavera/DYV/GIT-DV/PR_2/root_square.sv Line: 11
    Warning (15610): No output dependent on input pin "i_val_x[5]" File: C:/Users/Tomoyo/Documents/ITESO/2019-A-Primavera/DYV/GIT-DV/PR_2/root_square.sv Line: 11
    Warning (15610): No output dependent on input pin "i_val_x[6]" File: C:/Users/Tomoyo/Documents/ITESO/2019-A-Primavera/DYV/GIT-DV/PR_2/root_square.sv Line: 11
    Warning (15610): No output dependent on input pin "i_val_x[7]" File: C:/Users/Tomoyo/Documents/ITESO/2019-A-Primavera/DYV/GIT-DV/PR_2/root_square.sv Line: 11
    Warning (15610): No output dependent on input pin "i_val_x[8]" File: C:/Users/Tomoyo/Documents/ITESO/2019-A-Primavera/DYV/GIT-DV/PR_2/root_square.sv Line: 11
    Warning (15610): No output dependent on input pin "i_val_x[9]" File: C:/Users/Tomoyo/Documents/ITESO/2019-A-Primavera/DYV/GIT-DV/PR_2/root_square.sv Line: 11
    Warning (15610): No output dependent on input pin "i_val_x[10]" File: C:/Users/Tomoyo/Documents/ITESO/2019-A-Primavera/DYV/GIT-DV/PR_2/root_square.sv Line: 11
    Warning (15610): No output dependent on input pin "i_val_x[11]" File: C:/Users/Tomoyo/Documents/ITESO/2019-A-Primavera/DYV/GIT-DV/PR_2/root_square.sv Line: 11
    Warning (15610): No output dependent on input pin "i_val_x[12]" File: C:/Users/Tomoyo/Documents/ITESO/2019-A-Primavera/DYV/GIT-DV/PR_2/root_square.sv Line: 11
    Warning (15610): No output dependent on input pin "i_val_x[13]" File: C:/Users/Tomoyo/Documents/ITESO/2019-A-Primavera/DYV/GIT-DV/PR_2/root_square.sv Line: 11
    Warning (15610): No output dependent on input pin "i_val_x[14]" File: C:/Users/Tomoyo/Documents/ITESO/2019-A-Primavera/DYV/GIT-DV/PR_2/root_square.sv Line: 11
    Warning (15610): No output dependent on input pin "i_val_x[15]" File: C:/Users/Tomoyo/Documents/ITESO/2019-A-Primavera/DYV/GIT-DV/PR_2/root_square.sv Line: 11
    Warning (15610): No output dependent on input pin "i_val_x[16]" File: C:/Users/Tomoyo/Documents/ITESO/2019-A-Primavera/DYV/GIT-DV/PR_2/root_square.sv Line: 11
    Warning (15610): No output dependent on input pin "i_val_x[17]" File: C:/Users/Tomoyo/Documents/ITESO/2019-A-Primavera/DYV/GIT-DV/PR_2/root_square.sv Line: 11
    Warning (15610): No output dependent on input pin "i_val_x[18]" File: C:/Users/Tomoyo/Documents/ITESO/2019-A-Primavera/DYV/GIT-DV/PR_2/root_square.sv Line: 11
    Warning (15610): No output dependent on input pin "i_val_x[19]" File: C:/Users/Tomoyo/Documents/ITESO/2019-A-Primavera/DYV/GIT-DV/PR_2/root_square.sv Line: 11
    Warning (15610): No output dependent on input pin "i_val_x[20]" File: C:/Users/Tomoyo/Documents/ITESO/2019-A-Primavera/DYV/GIT-DV/PR_2/root_square.sv Line: 11
    Warning (15610): No output dependent on input pin "i_val_x[21]" File: C:/Users/Tomoyo/Documents/ITESO/2019-A-Primavera/DYV/GIT-DV/PR_2/root_square.sv Line: 11
    Warning (15610): No output dependent on input pin "i_val_x[22]" File: C:/Users/Tomoyo/Documents/ITESO/2019-A-Primavera/DYV/GIT-DV/PR_2/root_square.sv Line: 11
    Warning (15610): No output dependent on input pin "i_val_x[23]" File: C:/Users/Tomoyo/Documents/ITESO/2019-A-Primavera/DYV/GIT-DV/PR_2/root_square.sv Line: 11
    Warning (15610): No output dependent on input pin "i_val_x[24]" File: C:/Users/Tomoyo/Documents/ITESO/2019-A-Primavera/DYV/GIT-DV/PR_2/root_square.sv Line: 11
    Warning (15610): No output dependent on input pin "i_val_x[25]" File: C:/Users/Tomoyo/Documents/ITESO/2019-A-Primavera/DYV/GIT-DV/PR_2/root_square.sv Line: 11
    Warning (15610): No output dependent on input pin "i_val_x[26]" File: C:/Users/Tomoyo/Documents/ITESO/2019-A-Primavera/DYV/GIT-DV/PR_2/root_square.sv Line: 11
    Warning (15610): No output dependent on input pin "i_val_x[27]" File: C:/Users/Tomoyo/Documents/ITESO/2019-A-Primavera/DYV/GIT-DV/PR_2/root_square.sv Line: 11
    Warning (15610): No output dependent on input pin "i_val_x[28]" File: C:/Users/Tomoyo/Documents/ITESO/2019-A-Primavera/DYV/GIT-DV/PR_2/root_square.sv Line: 11
    Warning (15610): No output dependent on input pin "i_val_x[29]" File: C:/Users/Tomoyo/Documents/ITESO/2019-A-Primavera/DYV/GIT-DV/PR_2/root_square.sv Line: 11
    Warning (15610): No output dependent on input pin "i_val_x[30]" File: C:/Users/Tomoyo/Documents/ITESO/2019-A-Primavera/DYV/GIT-DV/PR_2/root_square.sv Line: 11
    Warning (15610): No output dependent on input pin "i_val_x[31]" File: C:/Users/Tomoyo/Documents/ITESO/2019-A-Primavera/DYV/GIT-DV/PR_2/root_square.sv Line: 11
Info (21057): Implemented 137 device resources after synthesis - the final resource count might be different
    Info (21058): Implemented 68 input pins
    Info (21059): Implemented 66 output pins
    Info (21061): Implemented 3 logic cells
Info: Quartus Prime Analysis & Synthesis was successful. 0 errors, 130 warnings
    Info: Peak virtual memory: 4941 megabytes
    Info: Processing ended: Tue Apr 09 03:22:22 2019
    Info: Elapsed time: 00:00:18
    Info: Total CPU time (on all processors): 00:00:39


