Analysis & Synthesis report for MDR
Mon Apr 08 09:14:33 2019
Quartus Prime Version 15.1.0 Build 185 10/21/2015 SJ Lite Edition


---------------------
; Table of Contents ;
---------------------
  1. Legal Notice
  2. Analysis & Synthesis Summary
  3. Analysis & Synthesis Settings
  4. Parallel Compilation
  5. Analysis & Synthesis Source Files Read
  6. Analysis & Synthesis Resource Usage Summary
  7. Analysis & Synthesis Resource Utilization by Entity
  8. General Register Statistics
  9. Post-Synthesis Netlist Statistics for Top Partition
 10. Elapsed Time Per Partition
 11. Analysis & Synthesis Messages
 12. Analysis & Synthesis Suppressed Messages



----------------
; Legal Notice ;
----------------
Copyright (C) 1991-2015 Altera Corporation. All rights reserved.
Your use of Altera Corporation's design tools, logic functions 
and other software and tools, and its AMPP partner logic 
functions, and any output files from any of the foregoing 
(including device programming or simulation files), and any 
associated documentation or information are expressly subject 
to the terms and conditions of the Altera Program License 
Subscription Agreement, the Altera Quartus Prime License Agreement,
the Altera MegaCore Function License Agreement, or other 
applicable license agreement, including, without limitation, 
that your use is for the sole purpose of programming logic 
devices manufactured by Altera and sold by Altera or its 
authorized distributors.  Please refer to the applicable 
agreement for further details.



+----------------------------------------------------------------------------------+
; Analysis & Synthesis Summary                                                     ;
+------------------------------------+---------------------------------------------+
; Analysis & Synthesis Status        ; Successful - Mon Apr 08 09:14:33 2019       ;
; Quartus Prime Version              ; 15.1.0 Build 185 10/21/2015 SJ Lite Edition ;
; Revision Name                      ; MDR                                         ;
; Top-level Entity Name              ; mdr                                         ;
; Family                             ; Cyclone IV E                                ;
; Total logic elements               ; 0                                           ;
;     Total combinational functions  ; 0                                           ;
;     Dedicated logic registers      ; 0                                           ;
; Total registers                    ; 0                                           ;
; Total pins                         ; 2                                           ;
; Total virtual pins                 ; 0                                           ;
; Total memory bits                  ; 0                                           ;
; Embedded Multiplier 9-bit elements ; 0                                           ;
; Total PLLs                         ; 0                                           ;
+------------------------------------+---------------------------------------------+


+----------------------------------------------------------------------------------------------------------------------+
; Analysis & Synthesis Settings                                                                                        ;
+----------------------------------------------------------------------------+--------------------+--------------------+
; Option                                                                     ; Setting            ; Default Value      ;
+----------------------------------------------------------------------------+--------------------+--------------------+
; Device                                                                     ; EP4CE115F29C7      ;                    ;
; Top-level entity name                                                      ; mdr                ; MDR                ;
; Family name                                                                ; Cyclone IV E       ; Cyclone V          ;
; Use smart compilation                                                      ; Off                ; Off                ;
; Enable parallel Assembler and TimeQuest Timing Analyzer during compilation ; On                 ; On                 ;
; Enable compact report table                                                ; Off                ; Off                ;
; Restructure Multiplexers                                                   ; Auto               ; Auto               ;
; Create Debugging Nodes for IP Cores                                        ; Off                ; Off                ;
; Preserve fewer node names                                                  ; On                 ; On                 ;
; Disable OpenCore Plus hardware evaluation                                  ; Off                ; Off                ;
; Verilog Version                                                            ; Verilog_2001       ; Verilog_2001       ;
; VHDL Version                                                               ; VHDL_1993          ; VHDL_1993          ;
; State Machine Processing                                                   ; Auto               ; Auto               ;
; Safe State Machine                                                         ; Off                ; Off                ;
; Extract Verilog State Machines                                             ; On                 ; On                 ;
; Extract VHDL State Machines                                                ; On                 ; On                 ;
; Ignore Verilog initial constructs                                          ; Off                ; Off                ;
; Iteration limit for constant Verilog loops                                 ; 5000               ; 5000               ;
; Iteration limit for non-constant Verilog loops                             ; 250                ; 250                ;
; Add Pass-Through Logic to Inferred RAMs                                    ; On                 ; On                 ;
; Infer RAMs from Raw Logic                                                  ; On                 ; On                 ;
; Parallel Synthesis                                                         ; On                 ; On                 ;
; DSP Block Balancing                                                        ; Auto               ; Auto               ;
; NOT Gate Push-Back                                                         ; On                 ; On                 ;
; Power-Up Don't Care                                                        ; On                 ; On                 ;
; Remove Redundant Logic Cells                                               ; Off                ; Off                ;
; Remove Duplicate Registers                                                 ; On                 ; On                 ;
; Ignore CARRY Buffers                                                       ; Off                ; Off                ;
; Ignore CASCADE Buffers                                                     ; Off                ; Off                ;
; Ignore GLOBAL Buffers                                                      ; Off                ; Off                ;
; Ignore ROW GLOBAL Buffers                                                  ; Off                ; Off                ;
; Ignore LCELL Buffers                                                       ; Off                ; Off                ;
; Ignore SOFT Buffers                                                        ; On                 ; On                 ;
; Limit AHDL Integers to 32 Bits                                             ; Off                ; Off                ;
; Optimization Technique                                                     ; Balanced           ; Balanced           ;
; Carry Chain Length                                                         ; 70                 ; 70                 ;
; Auto Carry Chains                                                          ; On                 ; On                 ;
; Auto Open-Drain Pins                                                       ; On                 ; On                 ;
; Perform WYSIWYG Primitive Resynthesis                                      ; Off                ; Off                ;
; Auto ROM Replacement                                                       ; On                 ; On                 ;
; Auto RAM Replacement                                                       ; On                 ; On                 ;
; Auto DSP Block Replacement                                                 ; On                 ; On                 ;
; Auto Shift Register Replacement                                            ; Auto               ; Auto               ;
; Allow Shift Register Merging across Hierarchies                            ; Auto               ; Auto               ;
; Auto Clock Enable Replacement                                              ; On                 ; On                 ;
; Strict RAM Replacement                                                     ; Off                ; Off                ;
; Allow Synchronous Control Signals                                          ; On                 ; On                 ;
; Force Use of Synchronous Clear Signals                                     ; Off                ; Off                ;
; Auto RAM Block Balancing                                                   ; On                 ; On                 ;
; Auto RAM to Logic Cell Conversion                                          ; Off                ; Off                ;
; Auto Resource Sharing                                                      ; Off                ; Off                ;
; Allow Any RAM Size For Recognition                                         ; Off                ; Off                ;
; Allow Any ROM Size For Recognition                                         ; Off                ; Off                ;
; Allow Any Shift Register Size For Recognition                              ; Off                ; Off                ;
; Use LogicLock Constraints during Resource Balancing                        ; On                 ; On                 ;
; Ignore translate_off and synthesis_off directives                          ; Off                ; Off                ;
; Timing-Driven Synthesis                                                    ; On                 ; On                 ;
; Report Parameter Settings                                                  ; On                 ; On                 ;
; Report Source Assignments                                                  ; On                 ; On                 ;
; Report Connectivity Checks                                                 ; On                 ; On                 ;
; Ignore Maximum Fan-Out Assignments                                         ; Off                ; Off                ;
; Synchronization Register Chain Length                                      ; 2                  ; 2                  ;
; PowerPlay Power Optimization During Synthesis                              ; Normal compilation ; Normal compilation ;
; HDL message level                                                          ; Level2             ; Level2             ;
; Suppress Register Optimization Related Messages                            ; Off                ; Off                ;
; Number of Removed Registers Reported in Synthesis Report                   ; 5000               ; 5000               ;
; Number of Swept Nodes Reported in Synthesis Report                         ; 5000               ; 5000               ;
; Number of Inverted Registers Reported in Synthesis Report                  ; 100                ; 100                ;
; Clock MUX Protection                                                       ; On                 ; On                 ;
; Auto Gated Clock Conversion                                                ; Off                ; Off                ;
; Block Design Naming                                                        ; Auto               ; Auto               ;
; SDC constraint protection                                                  ; Off                ; Off                ;
; Synthesis Effort                                                           ; Auto               ; Auto               ;
; Shift Register Replacement - Allow Asynchronous Clear Signal               ; On                 ; On                 ;
; Pre-Mapping Resynthesis Optimization                                       ; Off                ; Off                ;
; Analysis & Synthesis Message Level                                         ; Medium             ; Medium             ;
; Disable Register Merging Across Hierarchies                                ; Auto               ; Auto               ;
; Resource Aware Inference For Block RAM                                     ; On                 ; On                 ;
; Synthesis Seed                                                             ; 1                  ; 1                  ;
+----------------------------------------------------------------------------+--------------------+--------------------+


Parallel compilation was disabled, but you have multiple processors available. Enable parallel compilation to reduce compilation time.
+-------------------------------------+
; Parallel Compilation                ;
+----------------------------+--------+
; Processors                 ; Number ;
+----------------------------+--------+
; Number detected on machine ; 4      ;
; Maximum allowed            ; 1      ;
+----------------------------+--------+


+---------------------------------------------------------------------------------------------------------------------------------------------------------------------------------+
; Analysis & Synthesis Source Files Read                                                                                                                                          ;
+----------------------------------+-----------------+------------------------------+-----------------------------------------------------------------------------------+---------+
; File Name with User-Entered Path ; Used in Netlist ; File Type                    ; File Name with Absolute Path                                                      ; Library ;
+----------------------------------+-----------------+------------------------------+-----------------------------------------------------------------------------------+---------+
; ../or_gate.sv                    ; yes             ; User SystemVerilog HDL File  ; C:/Users/Tomoyo/Documents/ITESO/2019-A-Primavera/DYV/GIT-DV/PR2/or_gate.sv        ;         ;
; ../validation.sv                 ; yes             ; User SystemVerilog HDL File  ; C:/Users/Tomoyo/Documents/ITESO/2019-A-Primavera/DYV/GIT-DV/PR2/validation.sv     ;         ;
; ../reminder.sv                   ; yes             ; User SystemVerilog HDL File  ; C:/Users/Tomoyo/Documents/ITESO/2019-A-Primavera/DYV/GIT-DV/PR2/reminder.sv       ;         ;
; ../quotient.sv                   ; yes             ; User SystemVerilog HDL File  ; C:/Users/Tomoyo/Documents/ITESO/2019-A-Primavera/DYV/GIT-DV/PR2/quotient.sv       ;         ;
; ../pkg_system_mdr.sv             ; yes             ; User SystemVerilog HDL File  ; C:/Users/Tomoyo/Documents/ITESO/2019-A-Primavera/DYV/GIT-DV/PR2/pkg_system_mdr.sv ;         ;
; ../pipo_y.sv                     ; yes             ; User SystemVerilog HDL File  ; C:/Users/Tomoyo/Documents/ITESO/2019-A-Primavera/DYV/GIT-DV/PR2/pipo_y.sv         ;         ;
; ../pipo_x.sv                     ; yes             ; User SystemVerilog HDL File  ; C:/Users/Tomoyo/Documents/ITESO/2019-A-Primavera/DYV/GIT-DV/PR2/pipo_x.sv         ;         ;
; ../mux_rq.sv                     ; yes             ; User SystemVerilog HDL File  ; C:/Users/Tomoyo/Documents/ITESO/2019-A-Primavera/DYV/GIT-DV/PR2/mux_rq.sv         ;         ;
; ../mux_rd.sv                     ; yes             ; User SystemVerilog HDL File  ; C:/Users/Tomoyo/Documents/ITESO/2019-A-Primavera/DYV/GIT-DV/PR2/mux_rd.sv         ;         ;
; ../mux_data.sv                   ; yes             ; User SystemVerilog HDL File  ; C:/Users/Tomoyo/Documents/ITESO/2019-A-Primavera/DYV/GIT-DV/PR2/mux_data.sv       ;         ;
; ../mdr.sv                        ; yes             ; User SystemVerilog HDL File  ; C:/Users/Tomoyo/Documents/ITESO/2019-A-Primavera/DYV/GIT-DV/PR2/mdr.sv            ;         ;
; ../if_mdr.sv                     ; yes             ; User SystemVerilog HDL File  ; C:/Users/Tomoyo/Documents/ITESO/2019-A-Primavera/DYV/GIT-DV/PR2/if_mdr.sv         ;         ;
; ../data.sv                       ; yes             ; User SystemVerilog HDL File  ; C:/Users/Tomoyo/Documents/ITESO/2019-A-Primavera/DYV/GIT-DV/PR2/data.sv           ;         ;
; ../control.sv                    ; yes             ; User SystemVerilog HDL File  ; C:/Users/Tomoyo/Documents/ITESO/2019-A-Primavera/DYV/GIT-DV/PR2/control.sv        ;         ;
; ../compA2_data.sv                ; yes             ; User SystemVerilog HDL File  ; C:/Users/Tomoyo/Documents/ITESO/2019-A-Primavera/DYV/GIT-DV/PR2/compA2_data.sv    ;         ;
; ../alu_operation.sv              ; yes             ; User SystemVerilog HDL File  ; C:/Users/Tomoyo/Documents/ITESO/2019-A-Primavera/DYV/GIT-DV/PR2/alu_operation.sv  ;         ;
; ../alu.sv                        ; yes             ; User SystemVerilog HDL File  ; C:/Users/Tomoyo/Documents/ITESO/2019-A-Primavera/DYV/GIT-DV/PR2/alu.sv            ;         ;
+----------------------------------+-----------------+------------------------------+-----------------------------------------------------------------------------------+---------+


+-----------------------------------------------------+
; Analysis & Synthesis Resource Usage Summary         ;
+---------------------------------------------+-------+
; Resource                                    ; Usage ;
+---------------------------------------------+-------+
;                                             ;       ;
; Total combinational functions               ; 0     ;
; Logic element usage by number of LUT inputs ;       ;
;     -- 4 input functions                    ; 0     ;
;     -- 3 input functions                    ; 0     ;
;     -- <=2 input functions                  ; 0     ;
;                                             ;       ;
; Logic elements by mode                      ;       ;
;     -- normal mode                          ; 0     ;
;     -- arithmetic mode                      ; 0     ;
;                                             ;       ;
; Total registers                             ; 0     ;
;     -- Dedicated logic registers            ; 0     ;
;     -- I/O registers                        ; 0     ;
;                                             ;       ;
; I/O pins                                    ; 2     ;
;                                             ;       ;
; Embedded Multiplier 9-bit elements          ; 0     ;
;                                             ;       ;
; Maximum fan-out node                        ; clk   ;
; Maximum fan-out                             ; 1     ;
; Total fan-out                               ; 2     ;
; Average fan-out                             ; 0.50  ;
+---------------------------------------------+-------+


+-----------------------------------------------------------------------------------------------------------------------------------------------------------------------------+
; Analysis & Synthesis Resource Utilization by Entity                                                                                                                         ;
+----------------------------+-------------------+--------------+-------------+--------------+---------+-----------+------+--------------+---------------------+--------------+
; Compilation Hierarchy Node ; LC Combinationals ; LC Registers ; Memory Bits ; DSP Elements ; DSP 9x9 ; DSP 18x18 ; Pins ; Virtual Pins ; Full Hierarchy Name ; Library Name ;
+----------------------------+-------------------+--------------+-------------+--------------+---------+-----------+------+--------------+---------------------+--------------+
; |mdr                       ; 0 (0)             ; 0 (0)        ; 0           ; 0            ; 0       ; 0         ; 2    ; 0            ; |mdr                ; work         ;
+----------------------------+-------------------+--------------+-------------+--------------+---------+-----------+------+--------------+---------------------+--------------+
Note: For table entries with two numbers listed, the numbers in parentheses indicate the number of resources of the given type used by the specific entity alone. The numbers listed outside of parentheses indicate the total resources of the given type used by the specific entity and all of its sub-entities in the hierarchy.


+------------------------------------------------------+
; General Register Statistics                          ;
+----------------------------------------------+-------+
; Statistic                                    ; Value ;
+----------------------------------------------+-------+
; Total registers                              ; 0     ;
; Number of registers using Synchronous Clear  ; 0     ;
; Number of registers using Synchronous Load   ; 0     ;
; Number of registers using Asynchronous Clear ; 0     ;
; Number of registers using Asynchronous Load  ; 0     ;
; Number of registers using Clock Enable       ; 0     ;
; Number of registers using Preset             ; 0     ;
+----------------------------------------------+-------+


+-----------------------------------------------------+
; Post-Synthesis Netlist Statistics for Top Partition ;
+-------------------+---------------------------------+
; Type              ; Count                           ;
+-------------------+---------------------------------+
; boundary_port     ; 2                               ;
;                   ;                                 ;
; Max LUT depth     ; 0.00                            ;
; Average LUT depth ; 0.00                            ;
+-------------------+---------------------------------+


+-------------------------------+
; Elapsed Time Per Partition    ;
+----------------+--------------+
; Partition Name ; Elapsed Time ;
+----------------+--------------+
; Top            ; 00:00:00     ;
+----------------+--------------+


+-------------------------------+
; Analysis & Synthesis Messages ;
+-------------------------------+
Info: *******************************************************************
Info: Running Quartus Prime Analysis & Synthesis
    Info: Version 15.1.0 Build 185 10/21/2015 SJ Lite Edition
    Info: Processing started: Mon Apr 08 09:14:13 2019
Info: Command: quartus_map --read_settings_files=on --write_settings_files=off MDR -c MDR
Warning (20028): Parallel compilation is not licensed and has been disabled
Info (12021): Found 1 design units, including 1 entities, in source file /users/tomoyo/documents/iteso/2019-a-primavera/dyv/git-dv/pr2/or_gate.sv
    Info (12023): Found entity 1: or_gate File: C:/Users/Tomoyo/Documents/ITESO/2019-A-Primavera/DYV/GIT-DV/PR2/or_gate.sv Line: 4
Info (12021): Found 1 design units, including 1 entities, in source file /users/tomoyo/documents/iteso/2019-a-primavera/dyv/git-dv/pr2/validation.sv
    Info (12023): Found entity 1: validation File: C:/Users/Tomoyo/Documents/ITESO/2019-A-Primavera/DYV/GIT-DV/PR2/validation.sv Line: 5
Info (12021): Found 1 design units, including 1 entities, in source file /users/tomoyo/documents/iteso/2019-a-primavera/dyv/git-dv/pr2/tb.sv
    Info (12023): Found entity 1: tb File: C:/Users/Tomoyo/Documents/ITESO/2019-A-Primavera/DYV/GIT-DV/PR2/tb.sv Line: 1
Info (12021): Found 1 design units, including 1 entities, in source file /users/tomoyo/documents/iteso/2019-a-primavera/dyv/git-dv/pr2/reminder.sv
    Info (12023): Found entity 1: reminder File: C:/Users/Tomoyo/Documents/ITESO/2019-A-Primavera/DYV/GIT-DV/PR2/reminder.sv Line: 4
Info (12021): Found 1 design units, including 1 entities, in source file /users/tomoyo/documents/iteso/2019-a-primavera/dyv/git-dv/pr2/quotient.sv
    Info (12023): Found entity 1: quotient File: C:/Users/Tomoyo/Documents/ITESO/2019-A-Primavera/DYV/GIT-DV/PR2/quotient.sv Line: 4
Info (12021): Found 1 design units, including 0 entities, in source file /users/tomoyo/documents/iteso/2019-a-primavera/dyv/git-dv/pr2/pkg_system_mdr.sv
    Info (12022): Found design unit 1: pkg_system_mdr (SystemVerilog) File: C:/Users/Tomoyo/Documents/ITESO/2019-A-Primavera/DYV/GIT-DV/PR2/pkg_system_mdr.sv Line: 4
Info (12021): Found 1 design units, including 1 entities, in source file /users/tomoyo/documents/iteso/2019-a-primavera/dyv/git-dv/pr2/pipo_y.sv
    Info (12023): Found entity 1: pipo_y File: C:/Users/Tomoyo/Documents/ITESO/2019-A-Primavera/DYV/GIT-DV/PR2/pipo_y.sv Line: 4
Info (12021): Found 1 design units, including 1 entities, in source file /users/tomoyo/documents/iteso/2019-a-primavera/dyv/git-dv/pr2/pipo_x.sv
    Info (12023): Found entity 1: pipo_x File: C:/Users/Tomoyo/Documents/ITESO/2019-A-Primavera/DYV/GIT-DV/PR2/pipo_x.sv Line: 4
Info (12021): Found 1 design units, including 1 entities, in source file /users/tomoyo/documents/iteso/2019-a-primavera/dyv/git-dv/pr2/mux_rq.sv
    Info (12023): Found entity 1: mux_rq File: C:/Users/Tomoyo/Documents/ITESO/2019-A-Primavera/DYV/GIT-DV/PR2/mux_rq.sv Line: 4
Info (12021): Found 1 design units, including 1 entities, in source file /users/tomoyo/documents/iteso/2019-a-primavera/dyv/git-dv/pr2/mux_reminder.sv
    Info (12023): Found entity 1: mux_reminder File: C:/Users/Tomoyo/Documents/ITESO/2019-A-Primavera/DYV/GIT-DV/PR2/mux_reminder.sv Line: 4
Info (12021): Found 1 design units, including 1 entities, in source file /users/tomoyo/documents/iteso/2019-a-primavera/dyv/git-dv/pr2/mux_rd.sv
    Info (12023): Found entity 1: mux_rd File: C:/Users/Tomoyo/Documents/ITESO/2019-A-Primavera/DYV/GIT-DV/PR2/mux_rd.sv Line: 4
Info (12021): Found 1 design units, including 1 entities, in source file /users/tomoyo/documents/iteso/2019-a-primavera/dyv/git-dv/pr2/mux_quotient.sv
    Info (12023): Found entity 1: mux_quotinet File: C:/Users/Tomoyo/Documents/ITESO/2019-A-Primavera/DYV/GIT-DV/PR2/mux_quotient.sv Line: 4
Info (12021): Found 1 design units, including 1 entities, in source file /users/tomoyo/documents/iteso/2019-a-primavera/dyv/git-dv/pr2/mux_data.sv
    Info (12023): Found entity 1: mux_data File: C:/Users/Tomoyo/Documents/ITESO/2019-A-Primavera/DYV/GIT-DV/PR2/mux_data.sv Line: 4
Info (12021): Found 1 design units, including 1 entities, in source file /users/tomoyo/documents/iteso/2019-a-primavera/dyv/git-dv/pr2/mdr.sv
    Info (12023): Found entity 1: mdr File: C:/Users/Tomoyo/Documents/ITESO/2019-A-Primavera/DYV/GIT-DV/PR2/mdr.sv Line: 5
Info (12021): Found 1 design units, including 1 entities, in source file /users/tomoyo/documents/iteso/2019-a-primavera/dyv/git-dv/pr2/if_mdr.sv
    Info (12023): Found entity 1: if_mdr File: C:/Users/Tomoyo/Documents/ITESO/2019-A-Primavera/DYV/GIT-DV/PR2/if_mdr.sv Line: 6
Info (12021): Found 1 design units, including 1 entities, in source file /users/tomoyo/documents/iteso/2019-a-primavera/dyv/git-dv/pr2/data.sv
    Info (12023): Found entity 1: data File: C:/Users/Tomoyo/Documents/ITESO/2019-A-Primavera/DYV/GIT-DV/PR2/data.sv Line: 4
Info (12021): Found 1 design units, including 1 entities, in source file /users/tomoyo/documents/iteso/2019-a-primavera/dyv/git-dv/pr2/control.sv
    Info (12023): Found entity 1: control File: C:/Users/Tomoyo/Documents/ITESO/2019-A-Primavera/DYV/GIT-DV/PR2/control.sv Line: 3
Info (12021): Found 1 design units, including 1 entities, in source file /users/tomoyo/documents/iteso/2019-a-primavera/dyv/git-dv/pr2/compa2_reminder.sv
    Info (12023): Found entity 1: compA2_reminder File: C:/Users/Tomoyo/Documents/ITESO/2019-A-Primavera/DYV/GIT-DV/PR2/compA2_reminder.sv Line: 4
Info (12021): Found 1 design units, including 1 entities, in source file /users/tomoyo/documents/iteso/2019-a-primavera/dyv/git-dv/pr2/compa2_quotient.sv
    Info (12023): Found entity 1: compA2_quotient File: C:/Users/Tomoyo/Documents/ITESO/2019-A-Primavera/DYV/GIT-DV/PR2/compA2_quotient.sv Line: 4
Info (12021): Found 1 design units, including 1 entities, in source file /users/tomoyo/documents/iteso/2019-a-primavera/dyv/git-dv/pr2/compa2_data.sv
    Info (12023): Found entity 1: compA2_data File: C:/Users/Tomoyo/Documents/ITESO/2019-A-Primavera/DYV/GIT-DV/PR2/compA2_data.sv Line: 4
Info (12021): Found 1 design units, including 1 entities, in source file /users/tomoyo/documents/iteso/2019-a-primavera/dyv/git-dv/pr2/alu_operation.sv
    Info (12023): Found entity 1: alu_operation File: C:/Users/Tomoyo/Documents/ITESO/2019-A-Primavera/DYV/GIT-DV/PR2/alu_operation.sv Line: 4
Info (12021): Found 1 design units, including 1 entities, in source file /users/tomoyo/documents/iteso/2019-a-primavera/dyv/git-dv/pr2/alu.sv
    Info (12023): Found entity 1: alu File: C:/Users/Tomoyo/Documents/ITESO/2019-A-Primavera/DYV/GIT-DV/PR2/alu.sv Line: 4
Info (12127): Elaborating entity "mdr" for the top level hierarchy
Info (12128): Elaborating entity "if_mdr" for hierarchy "if_mdr:mdr_itf" File: C:/Users/Tomoyo/Documents/ITESO/2019-A-Primavera/DYV/GIT-DV/PR2/mdr.sv Line: 13
Info (12128): Elaborating entity "control" for hierarchy "control:CTRL" File: C:/Users/Tomoyo/Documents/ITESO/2019-A-Primavera/DYV/GIT-DV/PR2/mdr.sv Line: 20
Info (12128): Elaborating entity "validation" for hierarchy "validation:VAL" File: C:/Users/Tomoyo/Documents/ITESO/2019-A-Primavera/DYV/GIT-DV/PR2/mdr.sv Line: 27
Info (12128): Elaborating entity "pipo_x" for hierarchy "pipo_x:PIPOX" File: C:/Users/Tomoyo/Documents/ITESO/2019-A-Primavera/DYV/GIT-DV/PR2/mdr.sv Line: 34
Info (12128): Elaborating entity "alu_operation" for hierarchy "alu_operation:ALUOP" File: C:/Users/Tomoyo/Documents/ITESO/2019-A-Primavera/DYV/GIT-DV/PR2/mdr.sv Line: 41
Warning (10230): Verilog HDL assignment warning at alu_operation.sv(20): truncated value with size 4 to match size of target (2) File: C:/Users/Tomoyo/Documents/ITESO/2019-A-Primavera/DYV/GIT-DV/PR2/alu_operation.sv Line: 20
Info (12128): Elaborating entity "pipo_y" for hierarchy "pipo_y:PIPOY" File: C:/Users/Tomoyo/Documents/ITESO/2019-A-Primavera/DYV/GIT-DV/PR2/mdr.sv Line: 48
Info (12128): Elaborating entity "compA2_data" for hierarchy "compA2_data:COMPA2DATA" File: C:/Users/Tomoyo/Documents/ITESO/2019-A-Primavera/DYV/GIT-DV/PR2/mdr.sv Line: 55
Info (12128): Elaborating entity "mux_data" for hierarchy "mux_data:MUXDATA" File: C:/Users/Tomoyo/Documents/ITESO/2019-A-Primavera/DYV/GIT-DV/PR2/mdr.sv Line: 62
Info (12128): Elaborating entity "data" for hierarchy "data:DATA" File: C:/Users/Tomoyo/Documents/ITESO/2019-A-Primavera/DYV/GIT-DV/PR2/mdr.sv Line: 69
Warning (10230): Verilog HDL assignment warning at data.sv(35): truncated value with size 32 to match size of target (16) File: C:/Users/Tomoyo/Documents/ITESO/2019-A-Primavera/DYV/GIT-DV/PR2/data.sv Line: 35
Info (12128): Elaborating entity "or_gate" for hierarchy "or_gate:ORGATE" File: C:/Users/Tomoyo/Documents/ITESO/2019-A-Primavera/DYV/GIT-DV/PR2/mdr.sv Line: 76
Info (12128): Elaborating entity "mux_rd" for hierarchy "mux_rd:MUXRD" File: C:/Users/Tomoyo/Documents/ITESO/2019-A-Primavera/DYV/GIT-DV/PR2/mdr.sv Line: 83
Info (12128): Elaborating entity "alu" for hierarchy "alu:ALU" File: C:/Users/Tomoyo/Documents/ITESO/2019-A-Primavera/DYV/GIT-DV/PR2/mdr.sv Line: 90
Info (12128): Elaborating entity "reminder" for hierarchy "reminder:REM" File: C:/Users/Tomoyo/Documents/ITESO/2019-A-Primavera/DYV/GIT-DV/PR2/mdr.sv Line: 98
Info (12128): Elaborating entity "quotient" for hierarchy "quotient:QUO" File: C:/Users/Tomoyo/Documents/ITESO/2019-A-Primavera/DYV/GIT-DV/PR2/mdr.sv Line: 105
Warning (10230): Verilog HDL assignment warning at quotient.sv(48): truncated value with size 32 to match size of target (16) File: C:/Users/Tomoyo/Documents/ITESO/2019-A-Primavera/DYV/GIT-DV/PR2/quotient.sv Line: 48
Warning (10230): Verilog HDL assignment warning at quotient.sv(50): truncated value with size 32 to match size of target (16) File: C:/Users/Tomoyo/Documents/ITESO/2019-A-Primavera/DYV/GIT-DV/PR2/quotient.sv Line: 50
Warning (10034): Output port "quo_if.w_quo_val" at quotient.sv(11) has no driver File: C:/Users/Tomoyo/Documents/ITESO/2019-A-Primavera/DYV/GIT-DV/PR2/quotient.sv Line: 11
Info (12128): Elaborating entity "mux_rq" for hierarchy "mux_rq:MUXRQ" File: C:/Users/Tomoyo/Documents/ITESO/2019-A-Primavera/DYV/GIT-DV/PR2/mdr.sv Line: 112
Warning (12161): Node "if_mdr:mdr_itf|if_mdr.w_val_rem[9]" is stuck at GND because node is in wire loop and does not have a source File: C:/Users/Tomoyo/Documents/ITESO/2019-A-Primavera/DYV/GIT-DV/PR2/if_mdr.sv Line: 6
Warning (12161): Node "if_mdr:mdr_itf|if_mdr.w_val_rem[8]" is stuck at GND because node is in wire loop and does not have a source File: C:/Users/Tomoyo/Documents/ITESO/2019-A-Primavera/DYV/GIT-DV/PR2/if_mdr.sv Line: 6
Warning (12161): Node "if_mdr:mdr_itf|if_mdr.w_val_rem[7]" is stuck at GND because node is in wire loop and does not have a source File: C:/Users/Tomoyo/Documents/ITESO/2019-A-Primavera/DYV/GIT-DV/PR2/if_mdr.sv Line: 6
Warning (12161): Node "if_mdr:mdr_itf|if_mdr.w_val_rem[6]" is stuck at GND because node is in wire loop and does not have a source File: C:/Users/Tomoyo/Documents/ITESO/2019-A-Primavera/DYV/GIT-DV/PR2/if_mdr.sv Line: 6
Warning (12161): Node "if_mdr:mdr_itf|if_mdr.w_val_rem[5]" is stuck at GND because node is in wire loop and does not have a source File: C:/Users/Tomoyo/Documents/ITESO/2019-A-Primavera/DYV/GIT-DV/PR2/if_mdr.sv Line: 6
Warning (12161): Node "if_mdr:mdr_itf|if_mdr.w_val_rem[4]" is stuck at GND because node is in wire loop and does not have a source File: C:/Users/Tomoyo/Documents/ITESO/2019-A-Primavera/DYV/GIT-DV/PR2/if_mdr.sv Line: 6
Warning (12161): Node "if_mdr:mdr_itf|if_mdr.w_val_rem[3]" is stuck at GND because node is in wire loop and does not have a source File: C:/Users/Tomoyo/Documents/ITESO/2019-A-Primavera/DYV/GIT-DV/PR2/if_mdr.sv Line: 6
Warning (12161): Node "if_mdr:mdr_itf|if_mdr.w_val_rem[2]" is stuck at GND because node is in wire loop and does not have a source File: C:/Users/Tomoyo/Documents/ITESO/2019-A-Primavera/DYV/GIT-DV/PR2/if_mdr.sv Line: 6
Warning (12161): Node "if_mdr:mdr_itf|if_mdr.w_val_rem[1]" is stuck at GND because node is in wire loop and does not have a source File: C:/Users/Tomoyo/Documents/ITESO/2019-A-Primavera/DYV/GIT-DV/PR2/if_mdr.sv Line: 6
Warning (12161): Node "if_mdr:mdr_itf|if_mdr.w_val_rem[15]" is stuck at GND because node is in wire loop and does not have a source File: C:/Users/Tomoyo/Documents/ITESO/2019-A-Primavera/DYV/GIT-DV/PR2/if_mdr.sv Line: 6
Warning (12161): Node "if_mdr:mdr_itf|if_mdr.w_val_rem[14]" is stuck at GND because node is in wire loop and does not have a source File: C:/Users/Tomoyo/Documents/ITESO/2019-A-Primavera/DYV/GIT-DV/PR2/if_mdr.sv Line: 6
Warning (12161): Node "if_mdr:mdr_itf|if_mdr.w_val_rem[13]" is stuck at GND because node is in wire loop and does not have a source File: C:/Users/Tomoyo/Documents/ITESO/2019-A-Primavera/DYV/GIT-DV/PR2/if_mdr.sv Line: 6
Warning (12161): Node "if_mdr:mdr_itf|if_mdr.w_val_rem[12]" is stuck at GND because node is in wire loop and does not have a source File: C:/Users/Tomoyo/Documents/ITESO/2019-A-Primavera/DYV/GIT-DV/PR2/if_mdr.sv Line: 6
Warning (12161): Node "if_mdr:mdr_itf|if_mdr.w_val_rem[11]" is stuck at GND because node is in wire loop and does not have a source File: C:/Users/Tomoyo/Documents/ITESO/2019-A-Primavera/DYV/GIT-DV/PR2/if_mdr.sv Line: 6
Warning (12161): Node "if_mdr:mdr_itf|if_mdr.w_val_rem[10]" is stuck at GND because node is in wire loop and does not have a source File: C:/Users/Tomoyo/Documents/ITESO/2019-A-Primavera/DYV/GIT-DV/PR2/if_mdr.sv Line: 6
Warning (12161): Node "if_mdr:mdr_itf|if_mdr.w_val_rem[0]" is stuck at GND because node is in wire loop and does not have a source File: C:/Users/Tomoyo/Documents/ITESO/2019-A-Primavera/DYV/GIT-DV/PR2/if_mdr.sv Line: 6
Warning (12161): Node "if_mdr:mdr_itf|if_mdr.w_start" is stuck at GND because node is in wire loop and does not have a source File: C:/Users/Tomoyo/Documents/ITESO/2019-A-Primavera/DYV/GIT-DV/PR2/if_mdr.sv Line: 6
Warning (12161): Node "if_mdr:mdr_itf|if_mdr.w_rem_X_a2[9]" is stuck at GND because node is in wire loop and does not have a source File: C:/Users/Tomoyo/Documents/ITESO/2019-A-Primavera/DYV/GIT-DV/PR2/if_mdr.sv Line: 6
Warning (12161): Node "if_mdr:mdr_itf|if_mdr.w_rem_X_a2[8]" is stuck at GND because node is in wire loop and does not have a source File: C:/Users/Tomoyo/Documents/ITESO/2019-A-Primavera/DYV/GIT-DV/PR2/if_mdr.sv Line: 6
Warning (12161): Node "if_mdr:mdr_itf|if_mdr.w_rem_X_a2[7]" is stuck at GND because node is in wire loop and does not have a source File: C:/Users/Tomoyo/Documents/ITESO/2019-A-Primavera/DYV/GIT-DV/PR2/if_mdr.sv Line: 6
Warning (12161): Node "if_mdr:mdr_itf|if_mdr.w_rem_X_a2[6]" is stuck at GND because node is in wire loop and does not have a source File: C:/Users/Tomoyo/Documents/ITESO/2019-A-Primavera/DYV/GIT-DV/PR2/if_mdr.sv Line: 6
Warning (12161): Node "if_mdr:mdr_itf|if_mdr.w_rem_X_a2[5]" is stuck at GND because node is in wire loop and does not have a source File: C:/Users/Tomoyo/Documents/ITESO/2019-A-Primavera/DYV/GIT-DV/PR2/if_mdr.sv Line: 6
Warning (12161): Node "if_mdr:mdr_itf|if_mdr.w_rem_X_a2[4]" is stuck at GND because node is in wire loop and does not have a source File: C:/Users/Tomoyo/Documents/ITESO/2019-A-Primavera/DYV/GIT-DV/PR2/if_mdr.sv Line: 6
Warning (12161): Node "if_mdr:mdr_itf|if_mdr.w_rem_X_a2[3]" is stuck at GND because node is in wire loop and does not have a source File: C:/Users/Tomoyo/Documents/ITESO/2019-A-Primavera/DYV/GIT-DV/PR2/if_mdr.sv Line: 6
Warning (12161): Node "if_mdr:mdr_itf|if_mdr.w_rem_X_a2[2]" is stuck at GND because node is in wire loop and does not have a source File: C:/Users/Tomoyo/Documents/ITESO/2019-A-Primavera/DYV/GIT-DV/PR2/if_mdr.sv Line: 6
Warning (12161): Node "if_mdr:mdr_itf|if_mdr.w_rem_X_a2[1]" is stuck at GND because node is in wire loop and does not have a source File: C:/Users/Tomoyo/Documents/ITESO/2019-A-Primavera/DYV/GIT-DV/PR2/if_mdr.sv Line: 6
Warning (12161): Node "if_mdr:mdr_itf|if_mdr.w_rem_X_a2[15]" is stuck at GND because node is in wire loop and does not have a source File: C:/Users/Tomoyo/Documents/ITESO/2019-A-Primavera/DYV/GIT-DV/PR2/if_mdr.sv Line: 6
Warning (12161): Node "if_mdr:mdr_itf|if_mdr.w_rem_X_a2[14]" is stuck at GND because node is in wire loop and does not have a source File: C:/Users/Tomoyo/Documents/ITESO/2019-A-Primavera/DYV/GIT-DV/PR2/if_mdr.sv Line: 6
Warning (12161): Node "if_mdr:mdr_itf|if_mdr.w_rem_X_a2[13]" is stuck at GND because node is in wire loop and does not have a source File: C:/Users/Tomoyo/Documents/ITESO/2019-A-Primavera/DYV/GIT-DV/PR2/if_mdr.sv Line: 6
Warning (12161): Node "if_mdr:mdr_itf|if_mdr.w_rem_X_a2[12]" is stuck at GND because node is in wire loop and does not have a source File: C:/Users/Tomoyo/Documents/ITESO/2019-A-Primavera/DYV/GIT-DV/PR2/if_mdr.sv Line: 6
Warning (12161): Node "if_mdr:mdr_itf|if_mdr.w_rem_X_a2[11]" is stuck at GND because node is in wire loop and does not have a source File: C:/Users/Tomoyo/Documents/ITESO/2019-A-Primavera/DYV/GIT-DV/PR2/if_mdr.sv Line: 6
Warning (12161): Node "if_mdr:mdr_itf|if_mdr.w_rem_X_a2[10]" is stuck at GND because node is in wire loop and does not have a source File: C:/Users/Tomoyo/Documents/ITESO/2019-A-Primavera/DYV/GIT-DV/PR2/if_mdr.sv Line: 6
Warning (12161): Node "if_mdr:mdr_itf|if_mdr.w_rem_X_a2[0]" is stuck at GND because node is in wire loop and does not have a source File: C:/Users/Tomoyo/Documents/ITESO/2019-A-Primavera/DYV/GIT-DV/PR2/if_mdr.sv Line: 6
Warning (12161): Node "if_mdr:mdr_itf|if_mdr.w_quo_X_a2[9]" is stuck at GND because node is in wire loop and does not have a source File: C:/Users/Tomoyo/Documents/ITESO/2019-A-Primavera/DYV/GIT-DV/PR2/if_mdr.sv Line: 6
Warning (12161): Node "if_mdr:mdr_itf|if_mdr.w_quo_X_a2[8]" is stuck at GND because node is in wire loop and does not have a source File: C:/Users/Tomoyo/Documents/ITESO/2019-A-Primavera/DYV/GIT-DV/PR2/if_mdr.sv Line: 6
Warning (12161): Node "if_mdr:mdr_itf|if_mdr.w_quo_X_a2[7]" is stuck at GND because node is in wire loop and does not have a source File: C:/Users/Tomoyo/Documents/ITESO/2019-A-Primavera/DYV/GIT-DV/PR2/if_mdr.sv Line: 6
Warning (12161): Node "if_mdr:mdr_itf|if_mdr.w_quo_X_a2[6]" is stuck at GND because node is in wire loop and does not have a source File: C:/Users/Tomoyo/Documents/ITESO/2019-A-Primavera/DYV/GIT-DV/PR2/if_mdr.sv Line: 6
Warning (12161): Node "if_mdr:mdr_itf|if_mdr.w_quo_X_a2[5]" is stuck at GND because node is in wire loop and does not have a source File: C:/Users/Tomoyo/Documents/ITESO/2019-A-Primavera/DYV/GIT-DV/PR2/if_mdr.sv Line: 6
Warning (12161): Node "if_mdr:mdr_itf|if_mdr.w_quo_X_a2[4]" is stuck at GND because node is in wire loop and does not have a source File: C:/Users/Tomoyo/Documents/ITESO/2019-A-Primavera/DYV/GIT-DV/PR2/if_mdr.sv Line: 6
Warning (12161): Node "if_mdr:mdr_itf|if_mdr.w_quo_X_a2[3]" is stuck at GND because node is in wire loop and does not have a source File: C:/Users/Tomoyo/Documents/ITESO/2019-A-Primavera/DYV/GIT-DV/PR2/if_mdr.sv Line: 6
Warning (12161): Node "if_mdr:mdr_itf|if_mdr.w_quo_X_a2[2]" is stuck at GND because node is in wire loop and does not have a source File: C:/Users/Tomoyo/Documents/ITESO/2019-A-Primavera/DYV/GIT-DV/PR2/if_mdr.sv Line: 6
Warning (12161): Node "if_mdr:mdr_itf|if_mdr.w_quo_X_a2[1]" is stuck at GND because node is in wire loop and does not have a source File: C:/Users/Tomoyo/Documents/ITESO/2019-A-Primavera/DYV/GIT-DV/PR2/if_mdr.sv Line: 6
Warning (12161): Node "if_mdr:mdr_itf|if_mdr.w_quo_X_a2[15]" is stuck at GND because node is in wire loop and does not have a source File: C:/Users/Tomoyo/Documents/ITESO/2019-A-Primavera/DYV/GIT-DV/PR2/if_mdr.sv Line: 6
Warning (12161): Node "if_mdr:mdr_itf|if_mdr.w_quo_X_a2[14]" is stuck at GND because node is in wire loop and does not have a source File: C:/Users/Tomoyo/Documents/ITESO/2019-A-Primavera/DYV/GIT-DV/PR2/if_mdr.sv Line: 6
Warning (12161): Node "if_mdr:mdr_itf|if_mdr.w_quo_X_a2[13]" is stuck at GND because node is in wire loop and does not have a source File: C:/Users/Tomoyo/Documents/ITESO/2019-A-Primavera/DYV/GIT-DV/PR2/if_mdr.sv Line: 6
Warning (12161): Node "if_mdr:mdr_itf|if_mdr.w_quo_X_a2[12]" is stuck at GND because node is in wire loop and does not have a source File: C:/Users/Tomoyo/Documents/ITESO/2019-A-Primavera/DYV/GIT-DV/PR2/if_mdr.sv Line: 6
Warning (12161): Node "if_mdr:mdr_itf|if_mdr.w_quo_X_a2[11]" is stuck at GND because node is in wire loop and does not have a source File: C:/Users/Tomoyo/Documents/ITESO/2019-A-Primavera/DYV/GIT-DV/PR2/if_mdr.sv Line: 6
Warning (12161): Node "if_mdr:mdr_itf|if_mdr.w_quo_X_a2[10]" is stuck at GND because node is in wire loop and does not have a source File: C:/Users/Tomoyo/Documents/ITESO/2019-A-Primavera/DYV/GIT-DV/PR2/if_mdr.sv Line: 6
Warning (12161): Node "if_mdr:mdr_itf|if_mdr.w_quo_X_a2[0]" is stuck at GND because node is in wire loop and does not have a source File: C:/Users/Tomoyo/Documents/ITESO/2019-A-Primavera/DYV/GIT-DV/PR2/if_mdr.sv Line: 6
Warning (12161): Node "if_mdr:mdr_itf|if_mdr.w_op[1]" is stuck at GND because node is in wire loop and does not have a source File: C:/Users/Tomoyo/Documents/ITESO/2019-A-Primavera/DYV/GIT-DV/PR2/if_mdr.sv Line: 6
Warning (12161): Node "if_mdr:mdr_itf|if_mdr.w_op[0]" is stuck at GND because node is in wire loop and does not have a source File: C:/Users/Tomoyo/Documents/ITESO/2019-A-Primavera/DYV/GIT-DV/PR2/if_mdr.sv Line: 6
Warning (12161): Node "if_mdr:mdr_itf|if_mdr.w_mux_rem[9]" is stuck at GND because node is in wire loop and does not have a source File: C:/Users/Tomoyo/Documents/ITESO/2019-A-Primavera/DYV/GIT-DV/PR2/if_mdr.sv Line: 6
Warning (12161): Node "if_mdr:mdr_itf|if_mdr.w_mux_rem[8]" is stuck at GND because node is in wire loop and does not have a source File: C:/Users/Tomoyo/Documents/ITESO/2019-A-Primavera/DYV/GIT-DV/PR2/if_mdr.sv Line: 6
Warning (12161): Node "if_mdr:mdr_itf|if_mdr.w_mux_rem[7]" is stuck at GND because node is in wire loop and does not have a source File: C:/Users/Tomoyo/Documents/ITESO/2019-A-Primavera/DYV/GIT-DV/PR2/if_mdr.sv Line: 6
Warning (12161): Node "if_mdr:mdr_itf|if_mdr.w_mux_rem[6]" is stuck at GND because node is in wire loop and does not have a source File: C:/Users/Tomoyo/Documents/ITESO/2019-A-Primavera/DYV/GIT-DV/PR2/if_mdr.sv Line: 6
Warning (12161): Node "if_mdr:mdr_itf|if_mdr.w_mux_rem[5]" is stuck at GND because node is in wire loop and does not have a source File: C:/Users/Tomoyo/Documents/ITESO/2019-A-Primavera/DYV/GIT-DV/PR2/if_mdr.sv Line: 6
Warning (12161): Node "if_mdr:mdr_itf|if_mdr.w_mux_rem[4]" is stuck at GND because node is in wire loop and does not have a source File: C:/Users/Tomoyo/Documents/ITESO/2019-A-Primavera/DYV/GIT-DV/PR2/if_mdr.sv Line: 6
Warning (12161): Node "if_mdr:mdr_itf|if_mdr.w_mux_rem[3]" is stuck at GND because node is in wire loop and does not have a source File: C:/Users/Tomoyo/Documents/ITESO/2019-A-Primavera/DYV/GIT-DV/PR2/if_mdr.sv Line: 6
Warning (12161): Node "if_mdr:mdr_itf|if_mdr.w_mux_rem[2]" is stuck at GND because node is in wire loop and does not have a source File: C:/Users/Tomoyo/Documents/ITESO/2019-A-Primavera/DYV/GIT-DV/PR2/if_mdr.sv Line: 6
Warning (12161): Node "if_mdr:mdr_itf|if_mdr.w_mux_rem[1]" is stuck at GND because node is in wire loop and does not have a source File: C:/Users/Tomoyo/Documents/ITESO/2019-A-Primavera/DYV/GIT-DV/PR2/if_mdr.sv Line: 6
Warning (12161): Node "if_mdr:mdr_itf|if_mdr.w_mux_rem[15]" is stuck at GND because node is in wire loop and does not have a source File: C:/Users/Tomoyo/Documents/ITESO/2019-A-Primavera/DYV/GIT-DV/PR2/if_mdr.sv Line: 6
Warning (12161): Node "if_mdr:mdr_itf|if_mdr.w_mux_rem[14]" is stuck at GND because node is in wire loop and does not have a source File: C:/Users/Tomoyo/Documents/ITESO/2019-A-Primavera/DYV/GIT-DV/PR2/if_mdr.sv Line: 6
Warning (12161): Node "if_mdr:mdr_itf|if_mdr.w_mux_rem[13]" is stuck at GND because node is in wire loop and does not have a source File: C:/Users/Tomoyo/Documents/ITESO/2019-A-Primavera/DYV/GIT-DV/PR2/if_mdr.sv Line: 6
Warning (12161): Node "if_mdr:mdr_itf|if_mdr.w_mux_rem[12]" is stuck at GND because node is in wire loop and does not have a source File: C:/Users/Tomoyo/Documents/ITESO/2019-A-Primavera/DYV/GIT-DV/PR2/if_mdr.sv Line: 6
Warning (12161): Node "if_mdr:mdr_itf|if_mdr.w_mux_rem[11]" is stuck at GND because node is in wire loop and does not have a source File: C:/Users/Tomoyo/Documents/ITESO/2019-A-Primavera/DYV/GIT-DV/PR2/if_mdr.sv Line: 6
Warning (12161): Node "if_mdr:mdr_itf|if_mdr.w_mux_rem[10]" is stuck at GND because node is in wire loop and does not have a source File: C:/Users/Tomoyo/Documents/ITESO/2019-A-Primavera/DYV/GIT-DV/PR2/if_mdr.sv Line: 6
Warning (12161): Node "if_mdr:mdr_itf|if_mdr.w_mux_rem[0]" is stuck at GND because node is in wire loop and does not have a source File: C:/Users/Tomoyo/Documents/ITESO/2019-A-Primavera/DYV/GIT-DV/PR2/if_mdr.sv Line: 6
Warning (12161): Node "if_mdr:mdr_itf|if_mdr.w_mux_quo[9]" is stuck at GND because node is in wire loop and does not have a source File: C:/Users/Tomoyo/Documents/ITESO/2019-A-Primavera/DYV/GIT-DV/PR2/if_mdr.sv Line: 6
Warning (12161): Node "if_mdr:mdr_itf|if_mdr.w_mux_quo[8]" is stuck at GND because node is in wire loop and does not have a source File: C:/Users/Tomoyo/Documents/ITESO/2019-A-Primavera/DYV/GIT-DV/PR2/if_mdr.sv Line: 6
Warning (12161): Node "if_mdr:mdr_itf|if_mdr.w_mux_quo[7]" is stuck at GND because node is in wire loop and does not have a source File: C:/Users/Tomoyo/Documents/ITESO/2019-A-Primavera/DYV/GIT-DV/PR2/if_mdr.sv Line: 6
Warning (12161): Node "if_mdr:mdr_itf|if_mdr.w_mux_quo[6]" is stuck at GND because node is in wire loop and does not have a source File: C:/Users/Tomoyo/Documents/ITESO/2019-A-Primavera/DYV/GIT-DV/PR2/if_mdr.sv Line: 6
Warning (12161): Node "if_mdr:mdr_itf|if_mdr.w_mux_quo[5]" is stuck at GND because node is in wire loop and does not have a source File: C:/Users/Tomoyo/Documents/ITESO/2019-A-Primavera/DYV/GIT-DV/PR2/if_mdr.sv Line: 6
Warning (12161): Node "if_mdr:mdr_itf|if_mdr.w_mux_quo[4]" is stuck at GND because node is in wire loop and does not have a source File: C:/Users/Tomoyo/Documents/ITESO/2019-A-Primavera/DYV/GIT-DV/PR2/if_mdr.sv Line: 6
Warning (12161): Node "if_mdr:mdr_itf|if_mdr.w_mux_quo[3]" is stuck at GND because node is in wire loop and does not have a source File: C:/Users/Tomoyo/Documents/ITESO/2019-A-Primavera/DYV/GIT-DV/PR2/if_mdr.sv Line: 6
Warning (12161): Node "if_mdr:mdr_itf|if_mdr.w_mux_quo[2]" is stuck at GND because node is in wire loop and does not have a source File: C:/Users/Tomoyo/Documents/ITESO/2019-A-Primavera/DYV/GIT-DV/PR2/if_mdr.sv Line: 6
Warning (12161): Node "if_mdr:mdr_itf|if_mdr.w_mux_quo[1]" is stuck at GND because node is in wire loop and does not have a source File: C:/Users/Tomoyo/Documents/ITESO/2019-A-Primavera/DYV/GIT-DV/PR2/if_mdr.sv Line: 6
Warning (12161): Node "if_mdr:mdr_itf|if_mdr.w_mux_quo[15]" is stuck at GND because node is in wire loop and does not have a source File: C:/Users/Tomoyo/Documents/ITESO/2019-A-Primavera/DYV/GIT-DV/PR2/if_mdr.sv Line: 6
Warning (12161): Node "if_mdr:mdr_itf|if_mdr.w_mux_quo[14]" is stuck at GND because node is in wire loop and does not have a source File: C:/Users/Tomoyo/Documents/ITESO/2019-A-Primavera/DYV/GIT-DV/PR2/if_mdr.sv Line: 6
Warning (12161): Node "if_mdr:mdr_itf|if_mdr.w_mux_quo[13]" is stuck at GND because node is in wire loop and does not have a source File: C:/Users/Tomoyo/Documents/ITESO/2019-A-Primavera/DYV/GIT-DV/PR2/if_mdr.sv Line: 6
Warning (12161): Node "if_mdr:mdr_itf|if_mdr.w_mux_quo[12]" is stuck at GND because node is in wire loop and does not have a source File: C:/Users/Tomoyo/Documents/ITESO/2019-A-Primavera/DYV/GIT-DV/PR2/if_mdr.sv Line: 6
Warning (12161): Node "if_mdr:mdr_itf|if_mdr.w_mux_quo[11]" is stuck at GND because node is in wire loop and does not have a source File: C:/Users/Tomoyo/Documents/ITESO/2019-A-Primavera/DYV/GIT-DV/PR2/if_mdr.sv Line: 6
Warning (12161): Node "if_mdr:mdr_itf|if_mdr.w_mux_quo[10]" is stuck at GND because node is in wire loop and does not have a source File: C:/Users/Tomoyo/Documents/ITESO/2019-A-Primavera/DYV/GIT-DV/PR2/if_mdr.sv Line: 6
Warning (12161): Node "if_mdr:mdr_itf|if_mdr.w_mux_quo[0]" is stuck at GND because node is in wire loop and does not have a source File: C:/Users/Tomoyo/Documents/ITESO/2019-A-Primavera/DYV/GIT-DV/PR2/if_mdr.sv Line: 6
Warning (12161): Node "if_mdr:mdr_itf|if_mdr.w_load" is stuck at GND because node is in wire loop and does not have a source File: C:/Users/Tomoyo/Documents/ITESO/2019-A-Primavera/DYV/GIT-DV/PR2/if_mdr.sv Line: 6
Warning (12161): Node "if_mdr:mdr_itf|if_mdr.w_dataIn_Y[9]" is stuck at GND because node is in wire loop and does not have a source File: C:/Users/Tomoyo/Documents/ITESO/2019-A-Primavera/DYV/GIT-DV/PR2/if_mdr.sv Line: 6
Warning (12161): Node "if_mdr:mdr_itf|if_mdr.w_dataIn_Y[8]" is stuck at GND because node is in wire loop and does not have a source File: C:/Users/Tomoyo/Documents/ITESO/2019-A-Primavera/DYV/GIT-DV/PR2/if_mdr.sv Line: 6
Warning (12161): Node "if_mdr:mdr_itf|if_mdr.w_dataIn_Y[7]" is stuck at GND because node is in wire loop and does not have a source File: C:/Users/Tomoyo/Documents/ITESO/2019-A-Primavera/DYV/GIT-DV/PR2/if_mdr.sv Line: 6
Warning (12161): Node "if_mdr:mdr_itf|if_mdr.w_dataIn_Y[6]" is stuck at GND because node is in wire loop and does not have a source File: C:/Users/Tomoyo/Documents/ITESO/2019-A-Primavera/DYV/GIT-DV/PR2/if_mdr.sv Line: 6
Warning (12161): Node "if_mdr:mdr_itf|if_mdr.w_dataIn_Y[5]" is stuck at GND because node is in wire loop and does not have a source File: C:/Users/Tomoyo/Documents/ITESO/2019-A-Primavera/DYV/GIT-DV/PR2/if_mdr.sv Line: 6
Warning (12161): Node "if_mdr:mdr_itf|if_mdr.w_dataIn_Y[4]" is stuck at GND because node is in wire loop and does not have a source File: C:/Users/Tomoyo/Documents/ITESO/2019-A-Primavera/DYV/GIT-DV/PR2/if_mdr.sv Line: 6
Warning (12161): Node "if_mdr:mdr_itf|if_mdr.w_dataIn_Y[3]" is stuck at GND because node is in wire loop and does not have a source File: C:/Users/Tomoyo/Documents/ITESO/2019-A-Primavera/DYV/GIT-DV/PR2/if_mdr.sv Line: 6
Warning (12161): Node "if_mdr:mdr_itf|if_mdr.w_dataIn_Y[2]" is stuck at GND because node is in wire loop and does not have a source File: C:/Users/Tomoyo/Documents/ITESO/2019-A-Primavera/DYV/GIT-DV/PR2/if_mdr.sv Line: 6
Warning (12161): Node "if_mdr:mdr_itf|if_mdr.w_dataIn_Y[1]" is stuck at GND because node is in wire loop and does not have a source File: C:/Users/Tomoyo/Documents/ITESO/2019-A-Primavera/DYV/GIT-DV/PR2/if_mdr.sv Line: 6
Warning (12161): Node "if_mdr:mdr_itf|if_mdr.w_dataIn_Y[15]" is stuck at GND because node is in wire loop and does not have a source File: C:/Users/Tomoyo/Documents/ITESO/2019-A-Primavera/DYV/GIT-DV/PR2/if_mdr.sv Line: 6
Warning (12161): Node "if_mdr:mdr_itf|if_mdr.w_dataIn_Y[14]" is stuck at GND because node is in wire loop and does not have a source File: C:/Users/Tomoyo/Documents/ITESO/2019-A-Primavera/DYV/GIT-DV/PR2/if_mdr.sv Line: 6
Warning (12161): Node "if_mdr:mdr_itf|if_mdr.w_dataIn_Y[13]" is stuck at GND because node is in wire loop and does not have a source File: C:/Users/Tomoyo/Documents/ITESO/2019-A-Primavera/DYV/GIT-DV/PR2/if_mdr.sv Line: 6
Warning (12161): Node "if_mdr:mdr_itf|if_mdr.w_dataIn_Y[12]" is stuck at GND because node is in wire loop and does not have a source File: C:/Users/Tomoyo/Documents/ITESO/2019-A-Primavera/DYV/GIT-DV/PR2/if_mdr.sv Line: 6
Warning (12161): Node "if_mdr:mdr_itf|if_mdr.w_dataIn_Y[11]" is stuck at GND because node is in wire loop and does not have a source File: C:/Users/Tomoyo/Documents/ITESO/2019-A-Primavera/DYV/GIT-DV/PR2/if_mdr.sv Line: 6
Warning (12161): Node "if_mdr:mdr_itf|if_mdr.w_dataIn_Y[10]" is stuck at GND because node is in wire loop and does not have a source File: C:/Users/Tomoyo/Documents/ITESO/2019-A-Primavera/DYV/GIT-DV/PR2/if_mdr.sv Line: 6
Warning (12161): Node "if_mdr:mdr_itf|if_mdr.w_dataIn_Y[0]" is stuck at GND because node is in wire loop and does not have a source File: C:/Users/Tomoyo/Documents/ITESO/2019-A-Primavera/DYV/GIT-DV/PR2/if_mdr.sv Line: 6
Warning (12161): Node "if_mdr:mdr_itf|if_mdr.w_dataIn_X[9]" is stuck at GND because node is in wire loop and does not have a source File: C:/Users/Tomoyo/Documents/ITESO/2019-A-Primavera/DYV/GIT-DV/PR2/if_mdr.sv Line: 6
Warning (12161): Node "if_mdr:mdr_itf|if_mdr.w_dataIn_X[8]" is stuck at GND because node is in wire loop and does not have a source File: C:/Users/Tomoyo/Documents/ITESO/2019-A-Primavera/DYV/GIT-DV/PR2/if_mdr.sv Line: 6
Warning (12161): Node "if_mdr:mdr_itf|if_mdr.w_dataIn_X[7]" is stuck at GND because node is in wire loop and does not have a source File: C:/Users/Tomoyo/Documents/ITESO/2019-A-Primavera/DYV/GIT-DV/PR2/if_mdr.sv Line: 6
Warning (12161): Node "if_mdr:mdr_itf|if_mdr.w_dataIn_X[6]" is stuck at GND because node is in wire loop and does not have a source File: C:/Users/Tomoyo/Documents/ITESO/2019-A-Primavera/DYV/GIT-DV/PR2/if_mdr.sv Line: 6
Warning (12161): Node "if_mdr:mdr_itf|if_mdr.w_dataIn_X[5]" is stuck at GND because node is in wire loop and does not have a source File: C:/Users/Tomoyo/Documents/ITESO/2019-A-Primavera/DYV/GIT-DV/PR2/if_mdr.sv Line: 6
Warning (12161): Node "if_mdr:mdr_itf|if_mdr.w_dataIn_X[4]" is stuck at GND because node is in wire loop and does not have a source File: C:/Users/Tomoyo/Documents/ITESO/2019-A-Primavera/DYV/GIT-DV/PR2/if_mdr.sv Line: 6
Warning (12161): Node "if_mdr:mdr_itf|if_mdr.w_dataIn_X[3]" is stuck at GND because node is in wire loop and does not have a source File: C:/Users/Tomoyo/Documents/ITESO/2019-A-Primavera/DYV/GIT-DV/PR2/if_mdr.sv Line: 6
Warning (12161): Node "if_mdr:mdr_itf|if_mdr.w_dataIn_X[2]" is stuck at GND because node is in wire loop and does not have a source File: C:/Users/Tomoyo/Documents/ITESO/2019-A-Primavera/DYV/GIT-DV/PR2/if_mdr.sv Line: 6
Warning (12161): Node "if_mdr:mdr_itf|if_mdr.w_dataIn_X[1]" is stuck at GND because node is in wire loop and does not have a source File: C:/Users/Tomoyo/Documents/ITESO/2019-A-Primavera/DYV/GIT-DV/PR2/if_mdr.sv Line: 6
Warning (12161): Node "if_mdr:mdr_itf|if_mdr.w_dataIn_X[15]" is stuck at GND because node is in wire loop and does not have a source File: C:/Users/Tomoyo/Documents/ITESO/2019-A-Primavera/DYV/GIT-DV/PR2/if_mdr.sv Line: 6
Warning (12161): Node "if_mdr:mdr_itf|if_mdr.w_dataIn_X[14]" is stuck at GND because node is in wire loop and does not have a source File: C:/Users/Tomoyo/Documents/ITESO/2019-A-Primavera/DYV/GIT-DV/PR2/if_mdr.sv Line: 6
Warning (12161): Node "if_mdr:mdr_itf|if_mdr.w_dataIn_X[13]" is stuck at GND because node is in wire loop and does not have a source File: C:/Users/Tomoyo/Documents/ITESO/2019-A-Primavera/DYV/GIT-DV/PR2/if_mdr.sv Line: 6
Warning (12161): Node "if_mdr:mdr_itf|if_mdr.w_dataIn_X[12]" is stuck at GND because node is in wire loop and does not have a source File: C:/Users/Tomoyo/Documents/ITESO/2019-A-Primavera/DYV/GIT-DV/PR2/if_mdr.sv Line: 6
Warning (12161): Node "if_mdr:mdr_itf|if_mdr.w_dataIn_X[11]" is stuck at GND because node is in wire loop and does not have a source File: C:/Users/Tomoyo/Documents/ITESO/2019-A-Primavera/DYV/GIT-DV/PR2/if_mdr.sv Line: 6
Warning (12161): Node "if_mdr:mdr_itf|if_mdr.w_dataIn_X[10]" is stuck at GND because node is in wire loop and does not have a source File: C:/Users/Tomoyo/Documents/ITESO/2019-A-Primavera/DYV/GIT-DV/PR2/if_mdr.sv Line: 6
Warning (12161): Node "if_mdr:mdr_itf|if_mdr.w_dataIn_X[0]" is stuck at GND because node is in wire loop and does not have a source File: C:/Users/Tomoyo/Documents/ITESO/2019-A-Primavera/DYV/GIT-DV/PR2/if_mdr.sv Line: 6
Info (144001): Generated suppressed messages file C:/Users/Tomoyo/Documents/ITESO/2019-A-Primavera/DYV/GIT-DV/PR2/project/output_files/MDR.map.smsg
Info (16010): Generating hard_block partition "hard_block:auto_generated_inst"
    Info (16011): Adding 0 node(s), including 0 DDIO, 0 PLL, 0 transceiver and 0 LCELL
Warning (21074): Design contains 2 input pin(s) that do not drive logic
    Warning (15610): No output dependent on input pin "clk" File: C:/Users/Tomoyo/Documents/ITESO/2019-A-Primavera/DYV/GIT-DV/PR2/mdr.sv Line: 8
    Warning (15610): No output dependent on input pin "rst" File: C:/Users/Tomoyo/Documents/ITESO/2019-A-Primavera/DYV/GIT-DV/PR2/mdr.sv Line: 11
Info (21057): Implemented 2 device resources after synthesis - the final resource count might be different
    Info (21058): Implemented 2 input pins
    Info (21059): Implemented 0 output pins
Info: Quartus Prime Analysis & Synthesis was successful. 0 errors, 125 warnings
    Info: Peak virtual memory: 4939 megabytes
    Info: Processing ended: Mon Apr 08 09:14:33 2019
    Info: Elapsed time: 00:00:20
    Info: Total CPU time (on all processors): 00:00:39


+------------------------------------------+
; Analysis & Synthesis Suppressed Messages ;
+------------------------------------------+
The suppressed messages can be found in C:/Users/Tomoyo/Documents/ITESO/2019-A-Primavera/DYV/GIT-DV/PR2/project/output_files/MDR.map.smsg.


